../Core/Src/main.c:144:5:main	8	static
../Core/Src/main.c:214:6:SystemClock_Config	88	static
../Core/Src/main.c:261:13:MX_TIM1_Init	80	static
../Core/Src/main.c:330:13:MX_TIM2_Init	56	static
../Core/Src/main.c:379:13:MX_TIM3_Init	32	static
../Core/Src/main.c:424:13:MX_USART2_UART_Init	8	static
../Core/Src/main.c:455:13:MX_DMA_Init	16	static
../Core/Src/main.c:476:13:MX_GPIO_Init	48	static
../Core/Src/main.c:503:6:tune_PID_after1	16	static
../Core/Src/main.c:522:6:tune_PID_after2	16	static
../Core/Src/main.c:562:6:send_data_to_Qt	40	static
../Core/Src/main.c:597:6:HAL_TIM_PeriodElapsedCallback	16	static
../Core/Src/main.c:624:6:HAL_UART_RxCpltCallback	16	static
../Core/Src/main.c:642:6:condition_of_flag	16	static
../Core/Src/main.c:720:6:Error_Handler	4	static,ignoring_inline_asm
