Archive member included to satisfy reference by file (symbol)

c:/st/stm32cubeide_1.12.1/stm32cubeide/plugins/com.st.stm32cube.ide.mcu.externaltools.gnu-tools-for-stm32.10.3-2021.10.win32_1.0.200.202301161003/tools/bin/../lib/gcc/arm-none-eabi/10.3.1/../../../../arm-none-eabi/lib/thumb/v7e-m+fp/hard\libc_nano.a(lib_a-errno.o)
                              ./Core/Src/syscalls.o (__errno)
c:/st/stm32cubeide_1.12.1/stm32cubeide/plugins/com.st.stm32cube.ide.mcu.externaltools.gnu-tools-for-stm32.10.3-2021.10.win32_1.0.200.202301161003/tools/bin/../lib/gcc/arm-none-eabi/10.3.1/../../../../arm-none-eabi/lib/thumb/v7e-m+fp/hard\libc_nano.a(lib_a-exit.o)
                              c:/st/stm32cubeide_1.12.1/stm32cubeide/plugins/com.st.stm32cube.ide.mcu.externaltools.gnu-tools-for-stm32.10.3-2021.10.win32_1.0.200.202301161003/tools/bin/../lib/gcc/arm-none-eabi/10.3.1/../../../../arm-none-eabi/lib/thumb/v7e-m+fp/hard/crt0.o (exit)
c:/st/stm32cubeide_1.12.1/stm32cubeide/plugins/com.st.stm32cube.ide.mcu.externaltools.gnu-tools-for-stm32.10.3-2021.10.win32_1.0.200.202301161003/tools/bin/../lib/gcc/arm-none-eabi/10.3.1/../../../../arm-none-eabi/lib/thumb/v7e-m+fp/hard\libc_nano.a(lib_a-impure.o)
                              c:/st/stm32cubeide_1.12.1/stm32cubeide/plugins/com.st.stm32cube.ide.mcu.externaltools.gnu-tools-for-stm32.10.3-2021.10.win32_1.0.200.202301161003/tools/bin/../lib/gcc/arm-none-eabi/10.3.1/../../../../arm-none-eabi/lib/thumb/v7e-m+fp/hard\libc_nano.a(lib_a-exit.o) (_global_impure_ptr)
c:/st/stm32cubeide_1.12.1/stm32cubeide/plugins/com.st.stm32cube.ide.mcu.externaltools.gnu-tools-for-stm32.10.3-2021.10.win32_1.0.200.202301161003/tools/bin/../lib/gcc/arm-none-eabi/10.3.1/../../../../arm-none-eabi/lib/thumb/v7e-m+fp/hard\libc_nano.a(lib_a-init.o)
                              c:/st/stm32cubeide_1.12.1/stm32cubeide/plugins/com.st.stm32cube.ide.mcu.externaltools.gnu-tools-for-stm32.10.3-2021.10.win32_1.0.200.202301161003/tools/bin/../lib/gcc/arm-none-eabi/10.3.1/../../../../arm-none-eabi/lib/thumb/v7e-m+fp/hard/crt0.o (__libc_init_array)
c:/st/stm32cubeide_1.12.1/stm32cubeide/plugins/com.st.stm32cube.ide.mcu.externaltools.gnu-tools-for-stm32.10.3-2021.10.win32_1.0.200.202301161003/tools/bin/../lib/gcc/arm-none-eabi/10.3.1/../../../../arm-none-eabi/lib/thumb/v7e-m+fp/hard\libc_nano.a(lib_a-malloc.o)
                              ./Core/Src/main.o (malloc)
c:/st/stm32cubeide_1.12.1/stm32cubeide/plugins/com.st.stm32cube.ide.mcu.externaltools.gnu-tools-for-stm32.10.3-2021.10.win32_1.0.200.202301161003/tools/bin/../lib/gcc/arm-none-eabi/10.3.1/../../../../arm-none-eabi/lib/thumb/v7e-m+fp/hard\libc_nano.a(lib_a-memcpy-stub.o)
                              ./Core/Src/main.o (memcpy)
c:/st/stm32cubeide_1.12.1/stm32cubeide/plugins/com.st.stm32cube.ide.mcu.externaltools.gnu-tools-for-stm32.10.3-2021.10.win32_1.0.200.202301161003/tools/bin/../lib/gcc/arm-none-eabi/10.3.1/../../../../arm-none-eabi/lib/thumb/v7e-m+fp/hard\libc_nano.a(lib_a-memset.o)
                              c:/st/stm32cubeide_1.12.1/stm32cubeide/plugins/com.st.stm32cube.ide.mcu.externaltools.gnu-tools-for-stm32.10.3-2021.10.win32_1.0.200.202301161003/tools/bin/../lib/gcc/arm-none-eabi/10.3.1/../../../../arm-none-eabi/lib/thumb/v7e-m+fp/hard/crt0.o (memset)
c:/st/stm32cubeide_1.12.1/stm32cubeide/plugins/com.st.stm32cube.ide.mcu.externaltools.gnu-tools-for-stm32.10.3-2021.10.win32_1.0.200.202301161003/tools/bin/../lib/gcc/arm-none-eabi/10.3.1/../../../../arm-none-eabi/lib/thumb/v7e-m+fp/hard\libc_nano.a(lib_a-nano-freer.o)
                              c:/st/stm32cubeide_1.12.1/stm32cubeide/plugins/com.st.stm32cube.ide.mcu.externaltools.gnu-tools-for-stm32.10.3-2021.10.win32_1.0.200.202301161003/tools/bin/../lib/gcc/arm-none-eabi/10.3.1/../../../../arm-none-eabi/lib/thumb/v7e-m+fp/hard\libc_nano.a(lib_a-malloc.o) (_free_r)
c:/st/stm32cubeide_1.12.1/stm32cubeide/plugins/com.st.stm32cube.ide.mcu.externaltools.gnu-tools-for-stm32.10.3-2021.10.win32_1.0.200.202301161003/tools/bin/../lib/gcc/arm-none-eabi/10.3.1/../../../../arm-none-eabi/lib/thumb/v7e-m+fp/hard\libc_nano.a(lib_a-nano-mallocr.o)
                              c:/st/stm32cubeide_1.12.1/stm32cubeide/plugins/com.st.stm32cube.ide.mcu.externaltools.gnu-tools-for-stm32.10.3-2021.10.win32_1.0.200.202301161003/tools/bin/../lib/gcc/arm-none-eabi/10.3.1/../../../../arm-none-eabi/lib/thumb/v7e-m+fp/hard\libc_nano.a(lib_a-malloc.o) (_malloc_r)
c:/st/stm32cubeide_1.12.1/stm32cubeide/plugins/com.st.stm32cube.ide.mcu.externaltools.gnu-tools-for-stm32.10.3-2021.10.win32_1.0.200.202301161003/tools/bin/../lib/gcc/arm-none-eabi/10.3.1/../../../../arm-none-eabi/lib/thumb/v7e-m+fp/hard\libc_nano.a(lib_a-sbrkr.o)
[...]
Memory Configuration

Name             Origin             Length             Attributes
CCMRAM           0x0000000010000000 0x0000000000010000 xrw
RAM              0x0000000020000000 0x0000000000020000 xrw
FLASH            0x0000000008000000 0x0000000000100000 xr
*default*        0x0000000000000000 0xffffffffffffffff

Linker script and memory map

LOAD c:/st/stm32cubeide_1.12.1/stm32cubeide/plugins/com.st.stm32cube.ide.mcu.externaltools.gnu-tools-for-stm32.10.3-2021.10.win32_1.0.200.202301161003/tools/bin/../lib/gcc/arm-none-eabi/10.3.1/thumb/v7e-m+fp/hard/crti.o
LOAD c:/st/stm32cubeide_1.12.1/stm32cubeide/plugins/com.st.stm32cube.ide.mcu.externaltools.gnu-tools-for-stm32.10.3-2021.10.win32_1.0.200.202301161003/tools/bin/../lib/gcc/arm-none-eabi/10.3.1/thumb/v7e-m+fp/hard/crtbegin.o
LOAD c:/st/stm32cubeide_1.12.1/stm32cubeide/plugins/com.st.stm32cube.ide.mcu.externaltools.gnu-tools-for-stm32.10.3-2021.10.win32_1.0.200.202301161003/tools/bin/../lib/gcc/arm-none-eabi/10.3.1/../../../../arm-none-eabi/lib/thumb/v7e-m+fp/hard/crt0.o
LOAD ./Core/Src/main.o
LOAD ./Core/Src/stm32f4xx_hal_msp.o
LOAD ./Core/Src/stm32f4xx_it.o
LOAD ./Core/Src/syscalls.o
LOAD ./Core/Src/sysmem.o
LOAD ./Core/Src/system_stm32f4xx.o
LOAD ./Core/Startup/startup_stm32f407vgtx.o
LOAD ./Drivers/STM32F4xx_HAL_Driver/Src/stm32f4xx_hal.o
LOAD ./Drivers/STM32F4xx_HAL_Driver/Src/stm32f4xx_hal_cortex.o
LOAD ./Drivers/STM32F4xx_HAL_Driver/Src/stm32f4xx_hal_dma.o
LOAD ./Drivers/STM32F4xx_HAL_Driver/Src/stm32f4xx_hal_dma_ex.o
LOAD ./Drivers/STM32F4xx_HAL_Driver/Src/stm32f4xx_hal_exti.o
LOAD ./Drivers/STM32F4xx_HAL_Driver/Src/stm32f4xx_hal_flash.o
LOAD ./Drivers/STM32F4xx_HAL_Driver/Src/stm32f4xx_hal_flash_ex.o
LOAD ./Drivers/STM32F4xx_HAL_Driver/Src/stm32f4xx_hal_flash_ramfunc.o
LOAD ./Drivers/STM32F4xx_HAL_Driver/Src/stm32f4xx_hal_gpio.o
LOAD ./Drivers/STM32F4xx_HAL_Driver/Src/stm32f4xx_hal_pwr.o
LOAD ./Drivers/STM32F4xx_HAL_Driver/Src/stm32f4xx_hal_pwr_ex.o
LOAD ./Drivers/STM32F4xx_HAL_Driver/Src/stm32f4xx_hal_rcc.o
LOAD ./Drivers/STM32F4xx_HAL_Driver/Src/stm32f4xx_hal_rcc_ex.o
LOAD ./Drivers/STM32F4xx_HAL_Driver/Src/stm32f4xx_hal_tim.o
LOAD ./Drivers/STM32F4xx_HAL_Driver/Src/stm32f4xx_hal_tim_ex.o
LOAD ./Drivers/STM32F4xx_HAL_Driver/Src/stm32f4xx_hal_uart.o
LOAD ./Mylib/Src_lib/PID.o
LOAD ./Mylib/Src_lib/PWM.o
LOAD ./Mylib/Src_lib/crc16.o
LOAD ./Mylib/Src_lib/encoder.o
LOAD ./Mylib/Src_lib/uart_proto.o
START GROUP
LOAD c:/st/stm32cubeide_1.12.1/stm32cubeide/plugins/com.st.stm32cube.ide.mcu.externaltools.gnu-tools-for-stm32.10.3-2021.10.win32_1.0.200.202301161003/tools/bin/../lib/gcc/arm-none-eabi/10.3.1/../../../../arm-none-eabi/lib/thumb/v7e-m+fp/hard\libc_nano.a
LOAD c:/st/stm32cubeide_1.12.1/stm32cubeide/plugins/com.st.stm32cube.ide.mcu.externaltools.gnu-tools-for-stm32.10.3-2021.10.win32_1.0.200.202301161003/tools/bin/../lib/gcc/arm-none-eabi/10.3.1/../../../../arm-none-eabi/lib/thumb/v7e-m+fp/hard\libm.a
END GROUP
START GROUP
LOAD c:/st/stm32cubeide_1.12.1/stm32cubeide/plugins/com.st.stm32cube.ide.mcu.externaltools.gnu-tools-for-stm32.10.3-2021.10.win32_1.0.200.202301161003/tools/bin/../lib/gcc/arm-none-eabi/10.3.1/thumb/v7e-m+fp/hard\libgcc.a
LOAD c:/st/stm32cubeide_1.12.1/stm32cubeide/plugins/com.st.stm32cube.ide.mcu.externaltools.gnu-tools-for-stm32.10.3-2021.10.win32_1.0.200.202301161003/tools/bin/../lib/gcc/arm-none-eabi/10.3.1/../../../../arm-none-eabi/lib/thumb/v7e-m+fp/hard\libc_nano.a
END GROUP
START GROUP
LOAD c:/st/stm32cubeide_1.12.1/stm32cubeide/plugins/com.st.stm32cube.ide.mcu.externaltools.gnu-tools-for-stm32.10.3-2021.10.win32_1.0.200.202301161003/tools/bin/../lib/gcc/arm-none-eabi/10.3.1/thumb/v7e-m+fp/hard\libgcc.a
LOAD c:/st/stm32cubeide_1.12.1/stm32cubeide/plugins/com.st.stm32cube.ide.mcu.externaltools.gnu-tools-for-stm32.10.3-2021.10.win32_1.0.200.202301161003/tools/bin/../lib/gcc/arm-none-eabi/10.3.1/../../../../arm-none-eabi/lib/thumb/v7e-m+fp/hard\libc_nano.a
LOAD c:/st/stm32cubeide_1.12.1/stm32cubeide/plugins/com.st.stm32cube.ide.mcu.externaltools.gnu-tools-for-stm32.10.3-2021.10.win32_1.0.200.202301161003/tools/bin/../lib/gcc/arm-none-eabi/10.3.1/../../../../arm-none-eabi/lib/thumb/v7e-m+fp/hard\libnosys.a
END GROUP
START GROUP
LOAD c:/st/stm32cubeide_1.12.1/stm32cubeide/plugins/com.st.stm32cube.ide.mcu.externaltools.gnu-tools-for-stm32.10.3-2021.10.win32_1.0.200.202301161003/tools/bin/../lib/gcc/arm-none-eabi/10.3.1/thumb/v7e-m+fp/hard\libgcc.a
LOAD c:/st/stm32cubeide_1.12.1/stm32cubeide/plugins/com.st.stm32cube.ide.mcu.externaltools.gnu-tools-for-stm32.10.3-2021.10.win32_1.0.200.202301161003/tools/bin/../lib/gcc/arm-none-eabi/10.3.1/../../../../arm-none-eabi/lib/thumb/v7e-m+fp/hard\libc_nano.a
LOAD c:/st/stm32cubeide_1.12.1/stm32cubeide/plugins/com.st.stm32cube.ide.mcu.externaltools.gnu-tools-for-stm32.10.3-2021.10.win32_1.0.200.202301161003/tools/bin/../lib/gcc/arm-none-eabi/10.3.1/../../../../arm-none-eabi/lib/thumb/v7e-m+fp/hard\libnosys.a
END GROUP
LOAD c:/st/stm32cubeide_1.12.1/stm32cubeide/plugins/com.st.stm32cube.ide.mcu.externaltools.gnu-tools-for-stm32.10.3-2021.10.win32_1.0.200.202301161003/tools/bin/../lib/gcc/arm-none-eabi/10.3.1/thumb/v7e-m+fp/hard/crtend.o
LOAD c:/st/stm32cubeide_1.12.1/stm32cubeide/plugins/com.st.stm32cube.ide.mcu.externaltools.gnu-tools-for-stm32.10.3-2021.10.win32_1.0.200.202301161003/tools/bin/../lib/gcc/arm-none-eabi/10.3.1/thumb/v7e-m+fp/hard/crtn.o
                0x0000000020020000                _estack = (ORIGIN (RAM) + LENGTH (RAM))
                0x0000000000000200                _Min_Heap_Size = 0x200
                0x0000000000000400                _Min_Stack_Size = 0x400

.isr_vector     0x0000000008000000      0x188
                0x0000000008000000                . = ALIGN (0x4)
 *(.isr_vector)
 .isr_vector    0x0000000008000000      0x188 ./Core/Startup/startup_stm32f407vgtx.o
                0x0000000008000000                g_pfnVectors
                0x0000000008000188                . = ALIGN (0x4)

.text           0x0000000008000188     0x6428
                0x0000000008000188                . = ALIGN (0x4)
 *(.text)
 .text          0x0000000008000188       0x40 c:/st/stm32cubeide_1.12.1/stm32cubeide/plugins/com.st.stm32cube.ide.mcu.externaltools.gnu-tools-for-stm32.10.3-2021.10.win32_1.0.200.202301161003/tools/bin/../lib/gcc/arm-none-eabi/10.3.1/thumb/v7e-m+fp/hard/crtbegin.o
 .text          0x00000000080001c8      0x378 c:/st/stm32cubeide_1.12.1/stm32cubeide/plugins/com.st.stm32cube.ide.mcu.externaltools.gnu-tools-for-stm32.10.3-2021.10.win32_1.0.200.202301161003/tools/bin/../lib/gcc/arm-none-eabi/10.3.1/thumb/v7e-m+fp/hard\libgcc.a(_arm_addsubdf3.o)
                0x00000000080001c8                __aeabi_drsub
                0x00000000080001d0                __aeabi_dsub
                0x00000000080001d0                __subdf3
                0x00000000080001d4                __aeabi_dadd
                0x00000000080001d4                __adddf3
                0x000000000800044c                __floatunsidf
                0x000000000800044c                __aeabi_ui2d
                0x000000000800046c                __floatsidf
                0x000000000800046c                __aeabi_i2d
                0x0000000008000490                __aeabi_f2d
                0x0000000008000490                __extendsfdf2
                0x00000000080004d4                __floatundidf
                0x00000000080004d4                __aeabi_ul2d
                0x00000000080004e4                __floatdidf
                0x00000000080004e4                __aeabi_l2d
 .text          0x0000000008000540      0x424 c:/st/stm32cubeide_1.12.1/stm32cubeide/plugins/com.st.stm32cube.ide.mcu.externaltools.gnu-tools-for-stm32.10.3-2021.10.win32_1.0.200.202301161003/tools/bin/../lib/gcc/arm-none-eabi/10.3.1/thumb/v7e-m+fp/hard\libgcc.a(_arm_muldivdf3.o)
                0x0000000008000540                __aeabi_dmul
                0x0000000008000540                __muldf3
                0x0000000008000794                __divdf3
                0x0000000008000794                __aeabi_ddiv
 .text          0x0000000008000964       0xa0 c:/st/stm32cubeide_1.12.1/stm32cubeide/plugins/com.st.stm32cube.ide.mcu.externaltools.gnu-tools-for-stm32.10.3-2021.10.win32_1.0.200.202301161003/tools/bin/../lib/gcc/arm-none-eabi/10.3.1/thumb/v7e-m+fp/hard\libgcc.a(_arm_truncdfsf2.o)
                0x0000000008000964                __truncdfsf2
                0x0000000008000964                __aeabi_d2f
 .text          0x0000000008000a04       0x30 c:/st/stm32cubeide_1.12.1/stm32cubeide/plugins/com.st.stm32cube.ide.mcu.externaltools.gnu-tools-for-stm32.10.3-2021.10.win32_1.0.200.202301161003/tools/bin/../lib/gcc/arm-none-eabi/10.3.1/thumb/v7e-m+fp/hard\libgcc.a(_aeabi_uldivmod.o)
                0x0000000008000a04                __aeabi_uldivmod
 .text          0x0000000008000a34      0x2d0 c:/st/stm32cubeide_1.12.1/stm32cubeide/plugins/com.st.stm32cube.ide.mcu.externaltools.gnu-tools-for-stm32.10.3-2021.10.win32_1.0.200.202301161003/tools/bin/../lib/gcc/arm-none-eabi/10.3.1/thumb/v7e-m+fp/hard\libgcc.a(_udivmoddi4.o)
                0x0000000008000a34                __udivmoddi4
 .text          0x0000000008000d04        0x4 c:/st/stm32cubeide_1.12.1/stm32cubeide/plugins/com.st.stm32cube.ide.mcu.externaltools.gnu-tools-for-stm32.10.3-2021.10.win32_1.0.200.202301161003/tools/bin/../lib/gcc/arm-none-eabi/10.3.1/thumb/v7e-m+fp/hard\libgcc.a(_dvmd_tls.o)
                0x0000000008000d04                __aeabi_idiv0
                0x0000000008000d04                __aeabi_ldiv0
 *(.text*)
 .text.main     0x0000000008000d08       0xe0 ./Core/Src/main.o
                0x0000000008000d08                main
 .text.SystemClock_Config
                0x0000000008000de8       0xd4 ./Core/Src/main.o
                0x0000000008000de8                SystemClock_Config
 .text.MX_TIM1_Init
                0x0000000008000ebc      0x120 ./Core/Src/main.o
 .text.MX_TIM2_Init
                0x0000000008000fdc       0xa8 ./Core/Src/main.o
 .text.MX_TIM3_Init
                0x0000000008001084       0x9c ./Core/Src/main.o
 .text.MX_USART2_UART_Init
                0x0000000008001120       0x54 ./Core/Src/main.o
 .text.MX_DMA_Init
                0x0000000008001174       0x50 ./Core/Src/main.o
 .text.MX_GPIO_Init
                0x00000000080011c4       0xc0 ./Core/Src/main.o
 .text.tune_PID_after1
                0x0000000008001284       0xd4 ./Core/Src/main.o
                0x0000000008001284                tune_PID_after1
 .text.tune_PID_after2
                0x0000000008001358      0x1f0 ./Core/Src/main.o
                0x0000000008001358                tune_PID_after2
 .text.send_data_to_Qt
                0x0000000008001548       0xf4 ./Core/Src/main.o
                0x0000000008001548                send_data_to_Qt
 .text.HAL_TIM_PeriodElapsedCallback
                0x000000000800163c       0xc0 ./Core/Src/main.o
                0x000000000800163c                HAL_TIM_PeriodElapsedCallback
 .text.HAL_UART_RxCpltCallback
                0x00000000080016fc       0x7c ./Core/Src/main.o
                0x00000000080016fc                HAL_UART_RxCpltCallback
 .text.condition_of_flag
                0x0000000008001778      0x1d0 ./Core/Src/main.o
                0x0000000008001778                condition_of_flag
 .text.Error_Handler
                0x0000000008001948        0xa ./Core/Src/main.o
                0x0000000008001948                Error_Handler
 *fill*         0x0000000008001952        0x2 
 .text.HAL_MspInit
                0x0000000008001954       0x50 ./Core/Src/stm32f4xx_hal_msp.o
                0x0000000008001954                HAL_MspInit
 .text.HAL_TIM_PWM_MspInit
                0x00000000080019a4       0x44 ./Core/Src/stm32f4xx_hal_msp.o
                0x00000000080019a4                HAL_TIM_PWM_MspInit
 .text.HAL_TIM_Encoder_MspInit
                0x00000000080019e8       0x8c ./Core/Src/stm32f4xx_hal_msp.o
                0x00000000080019e8                HAL_TIM_Encoder_MspInit
 .text.HAL_TIM_Base_MspInit
                0x0000000008001a74       0x50 ./Core/Src/stm32f4xx_hal_msp.o
                0x0000000008001a74                HAL_TIM_Base_MspInit
 .text.HAL_TIM_MspPostInit
                0x0000000008001ac4       0x74 ./Core/Src/stm32f4xx_hal_msp.o
                0x0000000008001ac4                HAL_TIM_MspPostInit
 .text.HAL_UART_MspInit
                0x0000000008001b38      0x17c ./Core/Src/stm32f4xx_hal_msp.o
                0x0000000008001b38                HAL_UART_MspInit
 .text.NMI_Handler
                0x0000000008001cb4        0x6 ./Core/Src/stm32f4xx_it.o
                0x0000000008001cb4                NMI_Handler
 .text.HardFault_Handler
                0x0000000008001cba        0xc ./Core/Src/stm32f4xx_it.o
                0x0000000008001cba                HardFault_Handler
 .text.MemManage_Handler
                0x0000000008001cc6        0x6 ./Core/Src/stm32f4xx_it.o
                0x0000000008001cc6                MemManage_Handler
 .text.BusFault_Handler
                0x0000000008001ccc        0x6 ./Core/Src/stm32f4xx_it.o
                0x0000000008001ccc                BusFault_Handler
 .text.UsageFault_Handler
                0x0000000008001cd2        0x6 ./Core/Src/stm32f4xx_it.o
                0x0000000008001cd2                UsageFault_Handler
 .text.SVC_Handler
                0x0000000008001cd8        0xe ./Core/Src/stm32f4xx_it.o
                0x0000000008001cd8                SVC_Handler
 .text.DebugMon_Handler
                0x0000000008001ce6        0xe ./Core/Src/stm32f4xx_it.o
                0x0000000008001ce6                DebugMon_Handler
 .text.PendSV_Handler
                0x0000000008001cf4        0xe ./Core/Src/stm32f4xx_it.o
                0x0000000008001cf4                PendSV_Handler
 .text.SysTick_Handler
                0x0000000008001d02        0xc ./Core/Src/stm32f4xx_it.o
                0x0000000008001d02                SysTick_Handler
 *fill*         0x0000000008001d0e        0x2 
 .text.DMA1_Stream5_IRQHandler
                0x0000000008001d10       0x14 ./Core/Src/stm32f4xx_it.o
                0x0000000008001d10                DMA1_Stream5_IRQHandler
 .text.DMA1_Stream6_IRQHandler
                0x0000000008001d24       0x14 ./Core/Src/stm32f4xx_it.o
                0x0000000008001d24                DMA1_Stream6_IRQHandler
 .text.TIM3_IRQHandler
                0x0000000008001d38       0x14 ./Core/Src/stm32f4xx_it.o
                0x0000000008001d38                TIM3_IRQHandler
 .text.USART2_IRQHandler
                0x0000000008001d4c       0x14 ./Core/Src/stm32f4xx_it.o
                0x0000000008001d4c                USART2_IRQHandler
 .text._sbrk    0x0000000008001d60       0x6c ./Core/Src/sysmem.o
                0x0000000008001d60                _sbrk
 .text.SystemInit
                0x0000000008001dcc       0x24 ./Core/Src/system_stm32f4xx.o
                0x0000000008001dcc                SystemInit
 .text.Reset_Handler
                0x0000000008001df0       0x50 ./Core/Startup/startup_stm32f407vgtx.o
                0x0000000008001df0                Reset_Handler
 .text.Default_Handler
                0x0000000008001e40        0x2 ./Core/Startup/startup_stm32f407vgtx.o
                0x0000000008001e40                RTC_Alarm_IRQHandler
                0x0000000008001e40                HASH_RNG_IRQHandler
                0x0000000008001e40                EXTI2_IRQHandler
                0x0000000008001e40                TIM8_CC_IRQHandler
                0x0000000008001e40                TIM1_CC_IRQHandler
                0x0000000008001e40                DMA2_Stream5_IRQHandler
                0x0000000008001e40                PVD_IRQHandler
                0x0000000008001e40                SDIO_IRQHandler
                0x0000000008001e40                TAMP_STAMP_IRQHandler
                0x0000000008001e40                CAN2_RX1_IRQHandler
                0x0000000008001e40                EXTI3_IRQHandler
                0x0000000008001e40                TIM8_TRG_COM_TIM14_IRQHandler
                0x0000000008001e40                TIM1_UP_TIM10_IRQHandler
                0x0000000008001e40                TIM8_UP_TIM13_IRQHandler
                0x0000000008001e40                I2C3_ER_IRQHandler
                0x0000000008001e40                EXTI0_IRQHandler
                0x0000000008001e40                I2C2_EV_IRQHandler
                0x0000000008001e40                DMA1_Stream2_IRQHandler
                0x0000000008001e40                CAN1_RX0_IRQHandler
                0x0000000008001e40                FPU_IRQHandler
                0x0000000008001e40                OTG_HS_WKUP_IRQHandler
                0x0000000008001e40                CAN2_SCE_IRQHandler
                0x0000000008001e40                DMA2_Stream2_IRQHandler
                0x0000000008001e40                SPI1_IRQHandler
                0x0000000008001e40                TIM6_DAC_IRQHandler
                0x0000000008001e40                TIM1_BRK_TIM9_IRQHandler
                0x0000000008001e40                DCMI_IRQHandler
                0x0000000008001e40                CAN2_RX0_IRQHandler
                0x0000000008001e40                DMA2_Stream3_IRQHandler
                0x0000000008001e40                USART6_IRQHandler
                0x0000000008001e40                USART3_IRQHandler
                0x0000000008001e40                CAN1_RX1_IRQHandler
                0x0000000008001e40                UART5_IRQHandler
                0x0000000008001e40                DMA2_Stream0_IRQHandler
                0x0000000008001e40                TIM4_IRQHandler
                0x0000000008001e40                I2C1_EV_IRQHandler
                0x0000000008001e40                DMA1_Stream1_IRQHandler
                0x0000000008001e40                UART4_IRQHandler
                0x0000000008001e40                RCC_IRQHandler
                0x0000000008001e40                TIM8_BRK_TIM12_IRQHandler
                0x0000000008001e40                Default_Handler
                0x0000000008001e40                EXTI15_10_IRQHandler
                0x0000000008001e40                ADC_IRQHandler
                0x0000000008001e40                DMA1_Stream7_IRQHandler
                0x0000000008001e40                TIM7_IRQHandler
                0x0000000008001e40                CAN2_TX_IRQHandler
                0x0000000008001e40                TIM5_IRQHandler
                0x0000000008001e40                DMA2_Stream7_IRQHandler
                0x0000000008001e40                I2C3_EV_IRQHandler
                0x0000000008001e40                EXTI9_5_IRQHandler
                0x0000000008001e40                RTC_WKUP_IRQHandler
                0x0000000008001e40                ETH_WKUP_IRQHandler
                0x0000000008001e40                SPI2_IRQHandler
                0x0000000008001e40                OTG_HS_EP1_IN_IRQHandler
                0x0000000008001e40                DMA1_Stream0_IRQHandler
                0x0000000008001e40                CAN1_TX_IRQHandler
                0x0000000008001e40                EXTI4_IRQHandler
                0x0000000008001e40                FSMC_IRQHandler
                0x0000000008001e40                ETH_IRQHandler
                0x0000000008001e40                OTG_HS_EP1_OUT_IRQHandler
                0x0000000008001e40                WWDG_IRQHandler
                0x0000000008001e40                TIM2_IRQHandler
                0x0000000008001e40                OTG_FS_WKUP_IRQHandler
                0x0000000008001e40                TIM1_TRG_COM_TIM11_IRQHandler
                0x0000000008001e40                OTG_HS_IRQHandler
                0x0000000008001e40                EXTI1_IRQHandler
                0x0000000008001e40                I2C2_ER_IRQHandler
                0x0000000008001e40                DMA2_Stream1_IRQHandler
                0x0000000008001e40                CAN1_SCE_IRQHandler
                0x0000000008001e40                FLASH_IRQHandler
                0x0000000008001e40                DMA2_Stream4_IRQHandler
                0x0000000008001e40                USART1_IRQHandler
                0x0000000008001e40                OTG_FS_IRQHandler
                0x0000000008001e40                SPI3_IRQHandler
                0x0000000008001e40                DMA1_Stream4_IRQHandler
                0x0000000008001e40                I2C1_ER_IRQHandler
                0x0000000008001e40                DMA2_Stream6_IRQHandler
                0x0000000008001e40                DMA1_Stream3_IRQHandler
 *fill*         0x0000000008001e42        0x2 
 .text.HAL_Init
                0x0000000008001e44       0x44 ./Drivers/STM32F4xx_HAL_Driver/Src/stm32f4xx_hal.o
                0x0000000008001e44                HAL_Init
 .text.HAL_InitTick
                0x0000000008001e88       0x60 ./Drivers/STM32F4xx_HAL_Driver/Src/stm32f4xx_hal.o
                0x0000000008001e88                HAL_InitTick
 .text.HAL_IncTick
                0x0000000008001ee8       0x28 ./Drivers/STM32F4xx_HAL_Driver/Src/stm32f4xx_hal.o
                0x0000000008001ee8                HAL_IncTick
 .text.HAL_GetTick
                0x0000000008001f10       0x18 ./Drivers/STM32F4xx_HAL_Driver/Src/stm32f4xx_hal.o
                0x0000000008001f10                HAL_GetTick
 .text.__NVIC_SetPriorityGrouping
                0x0000000008001f28       0x48 ./Drivers/STM32F4xx_HAL_Driver/Src/stm32f4xx_hal_cortex.o
 .text.__NVIC_GetPriorityGrouping
                0x0000000008001f70       0x1c ./Drivers/STM32F4xx_HAL_Driver/Src/stm32f4xx_hal_cortex.o
 .text.__NVIC_EnableIRQ
                0x0000000008001f8c       0x3c ./Drivers/STM32F4xx_HAL_Driver/Src/stm32f4xx_hal_cortex.o
 .text.__NVIC_SetPriority
                0x0000000008001fc8       0x54 ./Drivers/STM32F4xx_HAL_Driver/Src/stm32f4xx_hal_cortex.o
 .text.NVIC_EncodePriority
                0x000000000800201c       0x66 ./Drivers/STM32F4xx_HAL_Driver/Src/stm32f4xx_hal_cortex.o
 *fill*         0x0000000008002082        0x2 
 .text.__NVIC_SystemReset
                0x0000000008002084       0x2c ./Drivers/STM32F4xx_HAL_Driver/Src/stm32f4xx_hal_cortex.o
 .text.SysTick_Config
                0x00000000080020b0       0x44 ./Drivers/STM32F4xx_HAL_Driver/Src/stm32f4xx_hal_cortex.o
 .text.HAL_NVIC_SetPriorityGrouping
                0x00000000080020f4       0x16 ./Drivers/STM32F4xx_HAL_Driver/Src/stm32f4xx_hal_cortex.o
                0x00000000080020f4                HAL_NVIC_SetPriorityGrouping
 .text.HAL_NVIC_SetPriority
                0x000000000800210a       0x38 ./Drivers/STM32F4xx_HAL_Driver/Src/stm32f4xx_hal_cortex.o
                0x000000000800210a                HAL_NVIC_SetPriority
 .text.HAL_NVIC_EnableIRQ
                0x0000000008002142       0x1c ./Drivers/STM32F4xx_HAL_Driver/Src/stm32f4xx_hal_cortex.o
                0x0000000008002142                HAL_NVIC_EnableIRQ
 .text.HAL_NVIC_SystemReset
                0x000000000800215e        0x8 ./Drivers/STM32F4xx_HAL_Driver/Src/stm32f4xx_hal_cortex.o
                0x000000000800215e                HAL_NVIC_SystemReset
 .text.HAL_SYSTICK_Config
                0x0000000008002166       0x18 ./Drivers/STM32F4xx_HAL_Driver/Src/stm32f4xx_hal_cortex.o
                0x0000000008002166                HAL_SYSTICK_Config
 *fill*         0x000000000800217e        0x2 
 .text.HAL_DMA_Init
                0x0000000008002180      0x15c ./Drivers/STM32F4xx_HAL_Driver/Src/stm32f4xx_hal_dma.o
                0x0000000008002180                HAL_DMA_Init
 .text.HAL_DMA_Start_IT
                0x00000000080022dc       0xb0 ./Drivers/STM32F4xx_HAL_Driver/Src/stm32f4xx_hal_dma.o
                0x00000000080022dc                HAL_DMA_Start_IT
 .text.HAL_DMA_Abort
                0x000000000800238c       0xe0 ./Drivers/STM32F4xx_HAL_Driver/Src/stm32f4xx_hal_dma.o
                0x000000000800238c                HAL_DMA_Abort
 .text.HAL_DMA_Abort_IT
                0x000000000800246c       0x44 ./Drivers/STM32F4xx_HAL_Driver/Src/stm32f4xx_hal_dma.o
                0x000000000800246c                HAL_DMA_Abort_IT
 .text.HAL_DMA_IRQHandler
                0x00000000080024b0      0x314 ./Drivers/STM32F4xx_HAL_Driver/Src/stm32f4xx_hal_dma.o
                0x00000000080024b0                HAL_DMA_IRQHandler
 .text.DMA_SetConfig
                0x00000000080027c4       0x5c ./Drivers/STM32F4xx_HAL_Driver/Src/stm32f4xx_hal_dma.o
 .text.DMA_CalcBaseAndBitshift
                0x0000000008002820       0x6c ./Drivers/STM32F4xx_HAL_Driver/Src/stm32f4xx_hal_dma.o
 .text.DMA_CheckFifoParam
                0x000000000800288c       0xf8 ./Drivers/STM32F4xx_HAL_Driver/Src/stm32f4xx_hal_dma.o
 .text.HAL_GPIO_Init
                0x0000000008002984      0x338 ./Drivers/STM32F4xx_HAL_Driver/Src/stm32f4xx_hal_gpio.o
                0x0000000008002984                HAL_GPIO_Init
 .text.HAL_GPIO_WritePin
                0x0000000008002cbc       0x32 ./Drivers/STM32F4xx_HAL_Driver/Src/stm32f4xx_hal_gpio.o
                0x0000000008002cbc                HAL_GPIO_WritePin
 *fill*         0x0000000008002cee        0x2 
 .text.HAL_RCC_OscConfig
                0x0000000008002cf0      0x4f0 ./Drivers/STM32F4xx_HAL_Driver/Src/stm32f4xx_hal_rcc.o
                0x0000000008002cf0                HAL_RCC_OscConfig
 .text.HAL_RCC_ClockConfig
                0x00000000080031e0      0x1cc ./Drivers/STM32F4xx_HAL_Driver/Src/stm32f4xx_hal_rcc.o
                0x00000000080031e0                HAL_RCC_ClockConfig
 .text.HAL_RCC_GetSysClockFreq
                0x00000000080033ac      0x18c ./Drivers/STM32F4xx_HAL_Driver/Src/stm32f4xx_hal_rcc.o
                0x00000000080033ac                HAL_RCC_GetSysClockFreq
 .text.HAL_RCC_GetHCLKFreq
                0x0000000008003538       0x18 ./Drivers/STM32F4xx_HAL_Driver/Src/stm32f4xx_hal_rcc.o
                0x0000000008003538                HAL_RCC_GetHCLKFreq
 .text.HAL_RCC_GetPCLK1Freq
                0x0000000008003550       0x28 ./Drivers/STM32F4xx_HAL_Driver/Src/stm32f4xx_hal_rcc.o
                0x0000000008003550                HAL_RCC_GetPCLK1Freq
 .text.HAL_RCC_GetPCLK2Freq
                0x0000000008003578       0x28 ./Drivers/STM32F4xx_HAL_Driver/Src/stm32f4xx_hal_rcc.o
                0x0000000008003578                HAL_RCC_GetPCLK2Freq
 .text.HAL_TIM_Base_Init
                0x00000000080035a0       0x9e ./Drivers/STM32F4xx_HAL_Driver/Src/stm32f4xx_hal_tim.o
                0x00000000080035a0                HAL_TIM_Base_Init
 *fill*         0x000000000800363e        0x2 
 .text.HAL_TIM_Base_Start_IT
                0x0000000008003640       0xe0 ./Drivers/STM32F4xx_HAL_Driver/Src/stm32f4xx_hal_tim.o
                0x0000000008003640                HAL_TIM_Base_Start_IT
 .text.HAL_TIM_PWM_Init
                0x0000000008003720       0x9e ./Drivers/STM32F4xx_HAL_Driver/Src/stm32f4xx_hal_tim.o
                0x0000000008003720                HAL_TIM_PWM_Init
 *fill*         0x00000000080037be        0x2 
 .text.HAL_TIM_PWM_Start
                0x00000000080037c0      0x190 ./Drivers/STM32F4xx_HAL_Driver/Src/stm32f4xx_hal_tim.o
                0x00000000080037c0                HAL_TIM_PWM_Start
 .text.HAL_TIM_Encoder_Init
                0x0000000008003950      0x14c ./Drivers/STM32F4xx_HAL_Driver/Src/stm32f4xx_hal_tim.o
                0x0000000008003950                HAL_TIM_Encoder_Init
 .text.HAL_TIM_Encoder_Start
                0x0000000008003a9c      0x11c ./Drivers/STM32F4xx_HAL_Driver/Src/stm32f4xx_hal_tim.o
                0x0000000008003a9c                HAL_TIM_Encoder_Start
 .text.HAL_TIM_IRQHandler
                0x0000000008003bb8      0x210 ./Drivers/STM32F4xx_HAL_Driver/Src/stm32f4xx_hal_tim.o
                0x0000000008003bb8                HAL_TIM_IRQHandler
 .text.HAL_TIM_PWM_ConfigChannel
                0x0000000008003dc8      0x184 ./Drivers/STM32F4xx_HAL_Driver/Src/stm32f4xx_hal_tim.o
                0x0000000008003dc8                HAL_TIM_PWM_ConfigChannel
 .text.HAL_TIM_ConfigClockSource
                0x0000000008003f4c      0x18e ./Drivers/STM32F4xx_HAL_Driver/Src/stm32f4xx_hal_tim.o
                0x0000000008003f4c                HAL_TIM_ConfigClockSource
 .text.HAL_TIM_OC_DelayElapsedCallback
                0x00000000080040da       0x14 ./Drivers/STM32F4xx_HAL_Driver/Src/stm32f4xx_hal_tim.o
                0x00000000080040da                HAL_TIM_OC_DelayElapsedCallback
 .text.HAL_TIM_IC_CaptureCallback
                0x00000000080040ee       0x14 ./Drivers/STM32F4xx_HAL_Driver/Src/stm32f4xx_hal_tim.o
                0x00000000080040ee                HAL_TIM_IC_CaptureCallback
 .text.HAL_TIM_PWM_PulseFinishedCallback
                0x0000000008004102       0x14 ./Drivers/STM32F4xx_HAL_Driver/Src/stm32f4xx_hal_tim.o
                0x0000000008004102                HAL_TIM_PWM_PulseFinishedCallback
 .text.HAL_TIM_TriggerCallback
                0x0000000008004116       0x14 ./Drivers/STM32F4xx_HAL_Driver/Src/stm32f4xx_hal_tim.o
                0x0000000008004116                HAL_TIM_TriggerCallback
 *fill*         0x000000000800412a        0x2 
 .text.TIM_Base_SetConfig
                0x000000000800412c      0x140 ./Drivers/STM32F4xx_HAL_Driver/Src/stm32f4xx_hal_tim.o
                0x000000000800412c                TIM_Base_SetConfig
 .text.TIM_OC1_SetConfig
                0x000000000800426c       0xe0 ./Drivers/STM32F4xx_HAL_Driver/Src/stm32f4xx_hal_tim.o
 .text.TIM_OC2_SetConfig
                0x000000000800434c       0xec ./Drivers/STM32F4xx_HAL_Driver/Src/stm32f4xx_hal_tim.o
                0x000000000800434c                TIM_OC2_SetConfig
 .text.TIM_OC3_SetConfig
                0x0000000008004438       0xe8 ./Drivers/STM32F4xx_HAL_Driver/Src/stm32f4xx_hal_tim.o
 .text.TIM_OC4_SetConfig
                0x0000000008004520       0xac ./Drivers/STM32F4xx_HAL_Driver/Src/stm32f4xx_hal_tim.o
 .text.TIM_TI1_ConfigInputStage
                0x00000000080045cc       0x5e ./Drivers/STM32F4xx_HAL_Driver/Src/stm32f4xx_hal_tim.o
 .text.TIM_TI2_ConfigInputStage
                0x000000000800462a       0x60 ./Drivers/STM32F4xx_HAL_Driver/Src/stm32f4xx_hal_tim.o
 .text.TIM_ITRx_SetConfig
                0x000000000800468a       0x36 ./Drivers/STM32F4xx_HAL_Driver/Src/stm32f4xx_hal_tim.o
 .text.TIM_ETR_SetConfig
                0x00000000080046c0       0x40 ./Drivers/STM32F4xx_HAL_Driver/Src/stm32f4xx_hal_tim.o
                0x00000000080046c0                TIM_ETR_SetConfig
 .text.TIM_CCxChannelCmd
                0x0000000008004700       0x4a ./Drivers/STM32F4xx_HAL_Driver/Src/stm32f4xx_hal_tim.o
                0x0000000008004700                TIM_CCxChannelCmd
 *fill*         0x000000000800474a        0x2 
 .text.HAL_TIMEx_MasterConfigSynchronization
                0x000000000800474c       0xf8 ./Drivers/STM32F4xx_HAL_Driver/Src/stm32f4xx_hal_tim_ex.o
                0x000000000800474c                HAL_TIMEx_MasterConfigSynchronization
 .text.HAL_TIMEx_ConfigBreakDeadTime
                0x0000000008004844       0xa4 ./Drivers/STM32F4xx_HAL_Driver/Src/stm32f4xx_hal_tim_ex.o
                0x0000000008004844                HAL_TIMEx_ConfigBreakDeadTime
 .text.HAL_TIMEx_CommutCallback
                0x00000000080048e8       0x14 ./Drivers/STM32F4xx_HAL_Driver/Src/stm32f4xx_hal_tim_ex.o
                0x00000000080048e8                HAL_TIMEx_CommutCallback
 .text.HAL_TIMEx_BreakCallback
                0x00000000080048fc       0x14 ./Drivers/STM32F4xx_HAL_Driver/Src/stm32f4xx_hal_tim_ex.o
                0x00000000080048fc                HAL_TIMEx_BreakCallback
 .text.HAL_UART_Init
                0x0000000008004910       0x9a ./Drivers/STM32F4xx_HAL_Driver/Src/stm32f4xx_hal_uart.o
                0x0000000008004910                HAL_UART_Init
 .text.HAL_UART_Receive_IT
                0x00000000080049aa       0x60 ./Drivers/STM32F4xx_HAL_Driver/Src/stm32f4xx_hal_uart.o
                0x00000000080049aa                HAL_UART_Receive_IT
 *fill*         0x0000000008004a0a        0x2 
 .text.HAL_UART_Transmit_DMA
                0x0000000008004a0c       0xfc ./Drivers/STM32F4xx_HAL_Driver/Src/stm32f4xx_hal_uart.o
                0x0000000008004a0c                HAL_UART_Transmit_DMA
 .text.HAL_UART_IRQHandler
                0x0000000008004b08      0x51c ./Drivers/STM32F4xx_HAL_Driver/Src/stm32f4xx_hal_uart.o
                0x0000000008004b08                HAL_UART_IRQHandler
 .text.HAL_UART_TxCpltCallback
                0x0000000008005024       0x14 ./Drivers/STM32F4xx_HAL_Driver/Src/stm32f4xx_hal_uart.o
                0x0000000008005024                HAL_UART_TxCpltCallback
 .text.HAL_UART_TxHalfCpltCallback
                0x0000000008005038       0x14 ./Drivers/STM32F4xx_HAL_Driver/Src/stm32f4xx_hal_uart.o
                0x0000000008005038                HAL_UART_TxHalfCpltCallback
 .text.HAL_UART_ErrorCallback
                0x000000000800504c       0x14 ./Drivers/STM32F4xx_HAL_Driver/Src/stm32f4xx_hal_uart.o
                0x000000000800504c                HAL_UART_ErrorCallback
 .text.HAL_UARTEx_RxEventCallback
                0x0000000008005060       0x18 ./Drivers/STM32F4xx_HAL_Driver/Src/stm32f4xx_hal_uart.o
                0x0000000008005060                HAL_UARTEx_RxEventCallback
 .text.UART_DMATransmitCplt
                0x0000000008005078       0x9a ./Drivers/STM32F4xx_HAL_Driver/Src/stm32f4xx_hal_uart.o
 .text.UART_DMATxHalfCplt
                0x0000000008005112       0x1c ./Drivers/STM32F4xx_HAL_Driver/Src/stm32f4xx_hal_uart.o
 .text.UART_DMAError
                0x000000000800512e       0x94 ./Drivers/STM32F4xx_HAL_Driver/Src/stm32f4xx_hal_uart.o
 .text.UART_Start_Receive_IT
                0x00000000080051c2       0x7c ./Drivers/STM32F4xx_HAL_Driver/Src/stm32f4xx_hal_uart.o
                0x00000000080051c2                UART_Start_Receive_IT
 .text.UART_EndTxTransfer
                0x000000000800523e       0x50 ./Drivers/STM32F4xx_HAL_Driver/Src/stm32f4xx_hal_uart.o
 .text.UART_EndRxTransfer
                0x000000000800528e       0xc6 ./Drivers/STM32F4xx_HAL_Driver/Src/stm32f4xx_hal_uart.o
 .text.UART_DMAAbortOnError
                0x0000000008005354       0x28 ./Drivers/STM32F4xx_HAL_Driver/Src/stm32f4xx_hal_uart.o
 .text.UART_Transmit_IT
                0x000000000800537c       0xa0 ./Drivers/STM32F4xx_HAL_Driver/Src/stm32f4xx_hal_uart.o
 .text.UART_EndTransmit_IT
                0x000000000800541c       0x30 ./Drivers/STM32F4xx_HAL_Driver/Src/stm32f4xx_hal_uart.o
 .text.UART_Receive_IT
                0x000000000800544c      0x176 ./Drivers/STM32F4xx_HAL_Driver/Src/stm32f4xx_hal_uart.o
 *fill*         0x00000000080055c2        0x2 
 .text.UART_SetConfig
                0x00000000080055c4      0x4e8 ./Drivers/STM32F4xx_HAL_Driver/Src/stm32f4xx_hal_uart.o
 *fill*         0x0000000008005aac        0x4 
 .text.control_PID_Position
                0x0000000008005ab0      0x1bc ./Mylib/Src_lib/PID.o
                0x0000000008005ab0                control_PID_Position
 *fill*         0x0000000008005c6c        0x4 
 .text.control_PID_Velocity
                0x0000000008005c70      0x1b0 ./Mylib/Src_lib/PID.o
                0x0000000008005c70                control_PID_Velocity
 .text.PWM_control_velocity
                0x0000000008005e20       0xe4 ./Mylib/Src_lib/PWM.o
                0x0000000008005e20                PWM_control_velocity
 .text.PWM_control_position
                0x0000000008005f04       0xe4 ./Mylib/Src_lib/PWM.o
                0x0000000008005f04                PWM_control_position
 .text.crc16_floating
                0x0000000008005fe8       0x40 ./Mylib/Src_lib/crc16.o
                0x0000000008005fe8                crc16_floating
 .text.encoder  0x0000000008006028       0x70 ./Mylib/Src_lib/encoder.o
                0x0000000008006028                encoder
 .text.UART_get_data
                0x0000000008006098      0x168 ./Mylib/Src_lib/uart_proto.o
                0x0000000008006098                UART_get_data
 .text.UART_frame_data
                0x0000000008006200       0xfc ./Mylib/Src_lib/uart_proto.o
                0x0000000008006200                UART_frame_data
 .text.__errno  0x00000000080062fc        0xc c:/st/stm32cubeide_1.12.1/stm32cubeide/plugins/com.st.stm32cube.ide.mcu.externaltools.gnu-tools-for-stm32.10.3-2021.10.win32_1.0.200.202301161003/tools/bin/../lib/gcc/arm-none-eabi/10.3.1/../../../../arm-none-eabi/lib/thumb/v7e-m+fp/hard\libc_nano.a(lib_a-errno.o)
                0x00000000080062fc                __errno
 .text.__libc_init_array
                0x0000000008006308       0x48 c:/st/stm32cubeide_1.12.1/stm32cubeide/plugins/com.st.stm32cube.ide.mcu.externaltools.gnu-tools-for-stm32.10.3-2021.10.win32_1.0.200.202301161003/tools/bin/../lib/gcc/arm-none-eabi/10.3.1/../../../../arm-none-eabi/lib/thumb/v7e-m+fp/hard\libc_nano.a(lib_a-init.o)
                0x0000000008006308                __libc_init_array
 .text.malloc   0x0000000008006350       0x10 c:/st/stm32cubeide_1.12.1/stm32cubeide/plugins/com.st.stm32cube.ide.mcu.externaltools.gnu-tools-for-stm32.10.3-2021.10.win32_1.0.200.202301161003/tools/bin/../lib/gcc/arm-none-eabi/10.3.1/../../../../arm-none-eabi/lib/thumb/v7e-m+fp/hard\libc_nano.a(lib_a-malloc.o)
                0x0000000008006350                malloc
 .text.free     0x0000000008006360       0x10 c:/st/stm32cubeide_1.12.1/stm32cubeide/plugins/com.st.stm32cube.ide.mcu.externaltools.gnu-tools-for-stm32.10.3-2021.10.win32_1.0.200.202301161003/tools/bin/../lib/gcc/arm-none-eabi/10.3.1/../../../../arm-none-eabi/lib/thumb/v7e-m+fp/hard\libc_nano.a(lib_a-malloc.o)
                0x0000000008006360                free
 .text.memcpy   0x0000000008006370       0x1c c:/st/stm32cubeide_1.12.1/stm32cubeide/plugins/com.st.stm32cube.ide.mcu.externaltools.gnu-tools-for-stm32.10.3-2021.10.win32_1.0.200.202301161003/tools/bin/../lib/gcc/arm-none-eabi/10.3.1/../../../../arm-none-eabi/lib/thumb/v7e-m+fp/hard\libc_nano.a(lib_a-memcpy-stub.o)
                0x0000000008006370                memcpy
 .text.memset   0x000000000800638c       0x10 c:/st/stm32cubeide_1.12.1/stm32cubeide/plugins/com.st.stm32cube.ide.mcu.externaltools.gnu-tools-for-stm32.10.3-2021.10.win32_1.0.200.202301161003/tools/bin/../lib/gcc/arm-none-eabi/10.3.1/../../../../arm-none-eabi/lib/thumb/v7e-m+fp/hard\libc_nano.a(lib_a-memset.o)
                0x000000000800638c                memset
 .text._free_r  0x000000000800639c       0x98 c:/st/stm32cubeide_1.12.1/stm32cubeide/plugins/com.st.stm32cube.ide.mcu.externaltools.gnu-tools-for-stm32.10.3-2021.10.win32_1.0.200.202301161003/tools/bin/../lib/gcc/arm-none-eabi/10.3.1/../../../../arm-none-eabi/lib/thumb/v7e-m+fp/hard\libc_nano.a(lib_a-nano-freer.o)
                0x000000000800639c                _free_r
 .text.sbrk_aligned
                0x0000000008006434       0x40 c:/st/stm32cubeide_1.12.1/stm32cubeide/plugins/com.st.stm32cube.ide.mcu.externaltools.gnu-tools-for-stm32.10.3-2021.10.win32_1.0.200.202301161003/tools/bin/../lib/gcc/arm-none-eabi/10.3.1/../../../../arm-none-eabi/lib/thumb/v7e-m+fp/hard\libc_nano.a(lib_a-nano-mallocr.o)
 .text._malloc_r
                0x0000000008006474       0xe8 c:/st/stm32cubeide_1.12.1/stm32cubeide/plugins/com.st.stm32cube.ide.mcu.externaltools.gnu-tools-for-stm32.10.3-2021.10.win32_1.0.200.202301161003/tools/bin/../lib/gcc/arm-none-eabi/10.3.1/../../../../arm-none-eabi/lib/thumb/v7e-m+fp/hard\libc_nano.a(lib_a-nano-mallocr.o)
                0x0000000008006474                _malloc_r
 .text._sbrk_r  0x000000000800655c       0x20 c:/st/stm32cubeide_1.12.1/stm32cubeide/plugins/com.st.stm32cube.ide.mcu.externaltools.gnu-tools-for-stm32.10.3-2021.10.win32_1.0.200.202301161003/tools/bin/../lib/gcc/arm-none-eabi/10.3.1/../../../../arm-none-eabi/lib/thumb/v7e-m+fp/hard\libc_nano.a(lib_a-sbrkr.o)
                0x000000000800655c                _sbrk_r
 .text.__malloc_lock
                0x000000000800657c        0xc c:/st/stm32cubeide_1.12.1/stm32cubeide/plugins/com.st.stm32cube.ide.mcu.externaltools.gnu-tools-for-stm32.10.3-2021.10.win32_1.0.200.202301161003/tools/bin/../lib/gcc/arm-none-eabi/10.3.1/../../../../arm-none-eabi/lib/thumb/v7e-m+fp/hard\libc_nano.a(lib_a-mlock.o)
                0x000000000800657c                __malloc_lock
 .text.__malloc_unlock
                0x0000000008006588        0xc c:/st/stm32cubeide_1.12.1/stm32cubeide/plugins/com.st.stm32cube.ide.mcu.externaltools.gnu-tools-for-stm32.10.3-2021.10.win32_1.0.200.202301161003/tools/bin/../lib/gcc/arm-none-eabi/10.3.1/../../../../arm-none-eabi/lib/thumb/v7e-m+fp/hard\libc_nano.a(lib_a-mlock.o)
                0x0000000008006588                __malloc_unlock
 .text.__retarget_lock_acquire_recursive
                0x0000000008006594        0x2 c:/st/stm32cubeide_1.12.1/stm32cubeide/plugins/com.st.stm32cube.ide.mcu.externaltools.gnu-tools-for-stm32.10.3-2021.10.win32_1.0.200.202301161003/tools/bin/../lib/gcc/arm-none-eabi/10.3.1/../../../../arm-none-eabi/lib/thumb/v7e-m+fp/hard\libc_nano.a(lib_a-lock.o)
                0x0000000008006594                __retarget_lock_acquire_recursive
 .text.__retarget_lock_release_recursive
                0x0000000008006596        0x2 c:/st/stm32cubeide_1.12.1/stm32cubeide/plugins/com.st.stm32cube.ide.mcu.externaltools.gnu-tools-for-stm32.10.3-2021.10.win32_1.0.200.202301161003/tools/bin/../lib/gcc/arm-none-eabi/10.3.1/../../../../arm-none-eabi/lib/thumb/v7e-m+fp/hard\libc_nano.a(lib_a-lock.o)
                0x0000000008006596                __retarget_lock_release_recursive
 *(.glue_7)
 .glue_7        0x0000000008006598        0x0 linker stubs
 *(.glue_7t)
 .glue_7t       0x0000000008006598        0x0 linker stubs
 *(.eh_frame)
 .eh_frame      0x0000000008006598        0x0 c:/st/stm32cubeide_1.12.1/stm32cubeide/plugins/com.st.stm32cube.ide.mcu.externaltools.gnu-tools-for-stm32.10.3-2021.10.win32_1.0.200.202301161003/tools/bin/../lib/gcc/arm-none-eabi/10.3.1/thumb/v7e-m+fp/hard/crtbegin.o
 *(.init)
 .init          0x0000000008006598        0x4 c:/st/stm32cubeide_1.12.1/stm32cubeide/plugins/com.st.stm32cube.ide.mcu.externaltools.gnu-tools-for-stm32.10.3-2021.10.win32_1.0.200.202301161003/tools/bin/../lib/gcc/arm-none-eabi/10.3.1/thumb/v7e-m+fp/hard/crti.o
                0x0000000008006598                _init
 .init          0x000000000800659c        0x8 c:/st/stm32cubeide_1.12.1/stm32cubeide/plugins/com.st.stm32cube.ide.mcu.externaltools.gnu-tools-for-stm32.10.3-2021.10.win32_1.0.200.202301161003/tools/bin/../lib/gcc/arm-none-eabi/10.3.1/thumb/v7e-m+fp/hard/crtn.o
 *(.fini)
 .fini          0x00000000080065a4        0x4 c:/st/stm32cubeide_1.12.1/stm32cubeide/plugins/com.st.stm32cube.ide.mcu.externaltools.gnu-tools-for-stm32.10.3-2021.10.win32_1.0.200.202301161003/tools/bin/../lib/gcc/arm-none-eabi/10.3.1/thumb/v7e-m+fp/hard/crti.o
                0x00000000080065a4                _fini
 .fini          0x00000000080065a8        0x8 c:/st/stm32cubeide_1.12.1/stm32cubeide/plugins/com.st.stm32cube.ide.mcu.externaltools.gnu-tools-for-stm32.10.3-2021.10.win32_1.0.200.202301161003/tools/bin/../lib/gcc/arm-none-eabi/10.3.1/thumb/v7e-m+fp/hard/crtn.o
                0x00000000080065b0                . = ALIGN (0x4)
                0x00000000080065b0                _etext = .

.vfp11_veneer   0x00000000080065b0        0x0
 .vfp11_veneer  0x00000000080065b0        0x0 linker stubs

.v4_bx          0x00000000080065b0        0x0
 .v4_bx         0x00000000080065b0        0x0 linker stubs

.iplt           0x00000000080065b0        0x0
 .iplt          0x00000000080065b0        0x0 c:/st/stm32cubeide_1.12.1/stm32cubeide/plugins/com.st.stm32cube.ide.mcu.externaltools.gnu-tools-for-stm32.10.3-2021.10.win32_1.0.200.202301161003/tools/bin/../lib/gcc/arm-none-eabi/10.3.1/thumb/v7e-m+fp/hard/crtbegin.o

.rodata         0x00000000080065b0      0x220
                0x00000000080065b0                . = ALIGN (0x4)
 *(.rodata)
 *(.rodata*)
 .rodata.AHBPrescTable
                0x00000000080065b0       0x10 ./Core/Src/system_stm32f4xx.o
                0x00000000080065b0                AHBPrescTable
 .rodata.APBPrescTable
                0x00000000080065c0        0x8 ./Core/Src/system_stm32f4xx.o
                0x00000000080065c0                APBPrescTable
 .rodata.flagBitshiftOffset.0
                0x00000000080065c8        0x8 ./Drivers/STM32F4xx_HAL_Driver/Src/stm32f4xx_hal_dma.o
 .rodata.crc16tab
                0x00000000080065d0      0x200 ./Mylib/Src_lib/crc16.o
                0x00000000080067d0                . = ALIGN (0x4)

.ARM.extab      0x00000000080067d0        0x0
                0x00000000080067d0                . = ALIGN (0x4)
 *(.ARM.extab* .gnu.linkonce.armextab.*)
                0x00000000080067d0                . = ALIGN (0x4)

.ARM            0x00000000080067d0        0x8
                0x00000000080067d0                . = ALIGN (0x4)
                0x00000000080067d0                __exidx_start = .
 *(.ARM.exidx*)
 .ARM.exidx     0x00000000080067d0        0x8 c:/st/stm32cubeide_1.12.1/stm32cubeide/plugins/com.st.stm32cube.ide.mcu.externaltools.gnu-tools-for-stm32.10.3-2021.10.win32_1.0.200.202301161003/tools/bin/../lib/gcc/arm-none-eabi/10.3.1/thumb/v7e-m+fp/hard\libgcc.a(_udivmoddi4.o)
                0x00000000080067d8                __exidx_end = .
                0x00000000080067d8                . = ALIGN (0x4)

.rel.dyn        0x00000000080067d8        0x0
 .rel.iplt      0x00000000080067d8        0x0 c:/st/stm32cubeide_1.12.1/stm32cubeide/plugins/com.st.stm32cube.ide.mcu.externaltools.gnu-tools-for-stm32.10.3-2021.10.win32_1.0.200.202301161003/tools/bin/../lib/gcc/arm-none-eabi/10.3.1/thumb/v7e-m+fp/hard/crtbegin.o

.preinit_array  0x00000000080067d8        0x0
                0x00000000080067d8                . = ALIGN (0x4)
                0x00000000080067d8                PROVIDE (__preinit_array_start = .)
 *(.preinit_array*)
                0x00000000080067d8                PROVIDE (__preinit_array_end = .)
                0x00000000080067d8                . = ALIGN (0x4)

.init_array     0x00000000080067d8        0x4
                0x00000000080067d8                . = ALIGN (0x4)
                0x00000000080067d8                PROVIDE (__init_array_start = .)
 *(SORT_BY_NAME(.init_array.*))
 *(.init_array*)
 .init_array    0x00000000080067d8        0x4 c:/st/stm32cubeide_1.12.1/stm32cubeide/plugins/com.st.stm32cube.ide.mcu.externaltools.gnu-tools-for-stm32.10.3-2021.10.win32_1.0.200.202301161003/tools/bin/../lib/gcc/arm-none-eabi/10.3.1/thumb/v7e-m+fp/hard/crtbegin.o
                0x00000000080067dc                PROVIDE (__init_array_end = .)
                0x00000000080067dc                . = ALIGN (0x4)

.fini_array     0x00000000080067dc        0x4
                0x00000000080067dc                . = ALIGN (0x4)
                [!provide]                        PROVIDE (__fini_array_start = .)
 *(SORT_BY_NAME(.fini_array.*))
 *(.fini_array*)
 .fini_array    0x00000000080067dc        0x4 c:/st/stm32cubeide_1.12.1/stm32cubeide/plugins/com.st.stm32cube.ide.mcu.externaltools.gnu-tools-for-stm32.10.3-2021.10.win32_1.0.200.202301161003/tools/bin/../lib/gcc/arm-none-eabi/10.3.1/thumb/v7e-m+fp/hard/crtbegin.o
                [!provide]                        PROVIDE (__fini_array_end = .)
                0x00000000080067e0                . = ALIGN (0x4)
                0x00000000080067e0                _sidata = LOADADDR (.data)

.data           0x0000000020000000       0x74 load address 0x00000000080067e0
                0x0000000020000000                . = ALIGN (0x4)
                0x0000000020000000                _sdata = .
 *(.data)
 *(.data*)
 .data.count_PID_position_first_time
                0x0000000020000000        0x1 ./Core/Src/main.o
                0x0000000020000000                count_PID_position_first_time
 .data.data_check
                0x0000000020000001        0x1 ./Core/Src/main.o
                0x0000000020000001                data_check
 *fill*         0x0000000020000002        0x2 
 .data.SystemCoreClock
                0x0000000020000004        0x4 ./Core/Src/system_stm32f4xx.o
                0x0000000020000004                SystemCoreClock
 .data.uwTickPrio
                0x0000000020000008        0x4 ./Drivers/STM32F4xx_HAL_Driver/Src/stm32f4xx_hal.o
                0x0000000020000008                uwTickPrio
 .data.uwTickFreq
                0x000000002000000c        0x1 ./Drivers/STM32F4xx_HAL_Driver/Src/stm32f4xx_hal.o
                0x000000002000000c                uwTickFreq
 *fill*         0x000000002000000d        0x3 
 .data._impure_ptr
                0x0000000020000010        0x4 c:/st/stm32cubeide_1.12.1/stm32cubeide/plugins/com.st.stm32cube.ide.mcu.externaltools.gnu-tools-for-stm32.10.3-2021.10.win32_1.0.200.202301161003/tools/bin/../lib/gcc/arm-none-eabi/10.3.1/../../../../arm-none-eabi/lib/thumb/v7e-m+fp/hard\libc_nano.a(lib_a-impure.o)
                0x0000000020000010                _impure_ptr
 .data.impure_data
                0x0000000020000014       0x60 c:/st/stm32cubeide_1.12.1/stm32cubeide/plugins/com.st.stm32cube.ide.mcu.externaltools.gnu-tools-for-stm32.10.3-2021.10.win32_1.0.200.202301161003/tools/bin/../lib/gcc/arm-none-eabi/10.3.1/../../../../arm-none-eabi/lib/thumb/v7e-m+fp/hard\libc_nano.a(lib_a-impure.o)
 *(.RamFunc)
 *(.RamFunc*)
                0x0000000020000074                . = ALIGN (0x4)
                0x0000000020000074                _edata = .
                0x0000000008006854                _siccmram = LOADADDR (.ccmram)

.igot.plt       0x0000000020000074        0x0 load address 0x0000000008006854
 .igot.plt      0x0000000020000074        0x0 c:/st/stm32cubeide_1.12.1/stm32cubeide/plugins/com.st.stm32cube.ide.mcu.externaltools.gnu-tools-for-stm32.10.3-2021.10.win32_1.0.200.202301161003/tools/bin/../lib/gcc/arm-none-eabi/10.3.1/thumb/v7e-m+fp/hard/crtbegin.o

.ccmram         0x0000000010000000        0x0 load address 0x0000000008006854
                0x0000000010000000                . = ALIGN (0x4)
                0x0000000010000000                _sccmram = .
 *(.ccmram)
 *(.ccmram*)
                0x0000000010000000                . = ALIGN (0x4)
                0x0000000010000000                _eccmram = .
                0x0000000010000000                . = ALIGN (0x4)

.bss            0x0000000020000074      0x2e0
                0x0000000020000074                _sbss = .
                0x0000000020000074                __bss_start__ = _sbss
 *(.bss)
 .bss           0x0000000020000074       0x1c c:/st/stm32cubeide_1.12.1/stm32cubeide/plugins/com.st.stm32cube.ide.mcu.externaltools.gnu-tools-for-stm32.10.3-2021.10.win32_1.0.200.202301161003/tools/bin/../lib/gcc/arm-none-eabi/10.3.1/thumb/v7e-m+fp/hard/crtbegin.o
 *(.bss*)
 .bss.htim1     0x0000000020000090       0x48 ./Core/Src/main.o
                0x0000000020000090                htim1
 .bss.htim2     0x00000000200000d8       0x48 ./Core/Src/main.o
                0x00000000200000d8                htim2
 .bss.htim3     0x0000000020000120       0x48 ./Core/Src/main.o
                0x0000000020000120                htim3
 .bss.huart2    0x0000000020000168       0x44 ./Core/Src/main.o
                0x0000000020000168                huart2
 .bss.hdma_usart2_rx
                0x00000000200001ac       0x60 ./Core/Src/main.o
                0x00000000200001ac                hdma_usart2_rx
 .bss.hdma_usart2_tx
                0x000000002000020c       0x60 ./Core/Src/main.o
                0x000000002000020c                hdma_usart2_tx
 .bss.output_pid
                0x000000002000026c        0x4 ./Core/Src/main.o
                0x000000002000026c                output_pid
 .bss.output_pid_velo
                0x0000000020000270        0x4 ./Core/Src/main.o
                0x0000000020000270                output_pid_velo
 .bss.output_pid_posi
                0x0000000020000274        0x4 ./Core/Src/main.o
                0x0000000020000274                output_pid_posi
 .bss.error_posi
                0x0000000020000278        0x4 ./Core/Src/main.o
                0x0000000020000278                error_posi
 .bss.pre_error_posi
                0x000000002000027c        0x4 ./Core/Src/main.o
                0x000000002000027c                pre_error_posi
 .bss.error_velo
                0x0000000020000280        0x4 ./Core/Src/main.o
                0x0000000020000280                error_velo
 .bss.pre_error_velo
                0x0000000020000284        0x4 ./Core/Src/main.o
                0x0000000020000284                pre_error_velo
 .bss.now_position
                0x0000000020000288        0x4 ./Core/Src/main.o
                0x0000000020000288                now_position
 .bss.velocity_real
                0x000000002000028c        0x4 ./Core/Src/main.o
                0x000000002000028c                velocity_real
 .bss.number_rotation
                0x0000000020000290        0x4 ./Core/Src/main.o
                0x0000000020000290                number_rotation
 .bss.Kp_true   0x0000000020000294        0x4 ./Core/Src/main.o
                0x0000000020000294                Kp_true
 .bss.Ki_true   0x0000000020000298        0x4 ./Core/Src/main.o
                0x0000000020000298                Ki_true
 .bss.Kd_true   0x000000002000029c        0x4 ./Core/Src/main.o
                0x000000002000029c                Kd_true
 .bss.setpointQt
                0x00000000200002a0        0x4 ./Core/Src/main.o
                0x00000000200002a0                setpointQt
 .bss.checkModeFromQt
                0x00000000200002a4        0x1 ./Core/Src/main.o
                0x00000000200002a4                checkModeFromQt
 .bss.count_PID
                0x00000000200002a5        0x1 ./Core/Src/main.o
                0x00000000200002a5                count_PID
 .bss.check_status
                0x00000000200002a6        0x1 ./Core/Src/main.o
                0x00000000200002a6                check_status
 .bss.data_rx   0x00000000200002a7        0x1 ./Core/Src/main.o
                0x00000000200002a7                data_rx
 .bss.data_uart
                0x00000000200002a8       0x32 ./Core/Src/main.o
                0x00000000200002a8                data_uart
 *fill*         0x00000000200002da        0x2 
 .bss.data_after_cut
                0x00000000200002dc        0xd ./Core/Src/main.o
                0x00000000200002dc                data_after_cut
 .bss.uart_count
                0x00000000200002e9        0x1 ./Core/Src/main.o
                0x00000000200002e9                uart_count
 .bss.frame_tx_lenght
                0x00000000200002ea        0x2 ./Core/Src/main.o
                0x00000000200002ea                frame_tx_lenght
 .bss.get_data_lenght
                0x00000000200002ec        0x2 ./Core/Src/main.o
                0x00000000200002ec                get_data_lenght
 .bss.flag_motor
                0x00000000200002ee        0x1 ./Core/Src/main.o
                0x00000000200002ee                flag_motor
 .bss.uart_flag
                0x00000000200002ef        0x1 ./Core/Src/main.o
                0x00000000200002ef                uart_flag
 .bss.choose_PID
                0x00000000200002f0        0x1 ./Core/Src/main.o
                0x00000000200002f0                choose_PID
 *fill*         0x00000000200002f1        0x3 
 .bss.uart_handle
                0x00000000200002f4       0x2c ./Core/Src/main.o
                0x00000000200002f4                uart_handle
 .bss.instance_enc
                0x0000000020000320       0x10 ./Core/Src/main.o
                0x0000000020000320                instance_enc
 .bss.PID_contr
                0x0000000020000330        0xc ./Core/Src/main.o
                0x0000000020000330                PID_contr
 .bss.__sbrk_heap_end
                0x000000002000033c        0x4 ./Core/Src/sysmem.o
 .bss.uwTick    0x0000000020000340        0x4 ./Drivers/STM32F4xx_HAL_Driver/Src/stm32f4xx_hal.o
                0x0000000020000340                uwTick
 .bss.__malloc_free_list
                0x0000000020000344        0x4 c:/st/stm32cubeide_1.12.1/stm32cubeide/plugins/com.st.stm32cube.ide.mcu.externaltools.gnu-tools-for-stm32.10.3-2021.10.win32_1.0.200.202301161003/tools/bin/../lib/gcc/arm-none-eabi/10.3.1/../../../../arm-none-eabi/lib/thumb/v7e-m+fp/hard\libc_nano.a(lib_a-nano-mallocr.o)
                0x0000000020000344                __malloc_free_list
 .bss.__malloc_sbrk_start
                0x0000000020000348        0x4 c:/st/stm32cubeide_1.12.1/stm32cubeide/plugins/com.st.stm32cube.ide.mcu.externaltools.gnu-tools-for-stm32.10.3-2021.10.win32_1.0.200.202301161003/tools/bin/../lib/gcc/arm-none-eabi/10.3.1/../../../../arm-none-eabi/lib/thumb/v7e-m+fp/hard\libc_nano.a(lib_a-nano-mallocr.o)
                0x0000000020000348                __malloc_sbrk_start
 .bss.errno     0x000000002000034c        0x4 c:/st/stm32cubeide_1.12.1/stm32cubeide/plugins/com.st.stm32cube.ide.mcu.externaltools.gnu-tools-for-stm32.10.3-2021.10.win32_1.0.200.202301161003/tools/bin/../lib/gcc/arm-none-eabi/10.3.1/../../../../arm-none-eabi/lib/thumb/v7e-m+fp/hard\libc_nano.a(lib_a-reent.o)
                0x000000002000034c                errno
 .bss.__lock___malloc_recursive_mutex
                0x0000000020000350        0x1 c:/st/stm32cubeide_1.12.1/stm32cubeide/plugins/com.st.stm32cube.ide.mcu.externaltools.gnu-tools-for-stm32.10.3-2021.10.win32_1.0.200.202301161003/tools/bin/../lib/gcc/arm-none-eabi/10.3.1/../../../../arm-none-eabi/lib/thumb/v7e-m+fp/hard\libc_nano.a(lib_a-lock.o)
                0x0000000020000350                __lock___malloc_recursive_mutex
 *(COMMON)
                0x0000000020000354                . = ALIGN (0x4)
 *fill*         0x0000000020000351        0x3 
                0x0000000020000354                _ebss = .
                0x0000000020000354                __bss_end__ = _ebss

._user_heap_stack
                0x0000000020000354      0x604
                0x0000000020000358                . = ALIGN (0x8)
 *fill*         0x0000000020000354        0x4 
                [!provide]                        PROVIDE (end = .)
                0x0000000020000358                PROVIDE (_end = .)
                0x0000000020000558                . = (. + _Min_Heap_Size)
 *fill*         0x0000000020000358      0x200 
                0x0000000020000958                . = (. + _Min_Stack_Size)
 *fill*         0x0000000020000558      0x400 
                0x0000000020000958                . = ALIGN (0x8)

/DISCARD/
 libc.a(*)
 libm.a(*)
 libgcc.a(*)

.ARM.attributes
                0x0000000000000000       0x30
 *(.ARM.attributes)
 .ARM.attributes
                0x0000000000000000       0x1e c:/st/stm32cubeide_1.12.1/stm32cubeide/plugins/com.st.stm32cube.ide.mcu.externaltools.gnu-tools-for-stm32.10.3-2021.10.win32_1.0.200.202301161003/tools/bin/../lib/gcc/arm-none-eabi/10.3.1/thumb/v7e-m+fp/hard/crti.o
 .ARM.attributes
                0x000000000000001e       0x34 c:/st/stm32cubeide_1.12.1/stm32cubeide/plugins/com.st.stm32cube.ide.mcu.externaltools.gnu-tools-for-stm32.10.3-2021.10.win32_1.0.200.202301161003/tools/bin/../lib/gcc/arm-none-eabi/10.3.1/thumb/v7e-m+fp/hard/crtbegin.o
 .ARM.attributes
                0x0000000000000052       0x34 ./Core/Src/main.o
 .ARM.attributes
                0x0000000000000086       0x34 ./Core/Src/stm32f4xx_hal_msp.o
 .ARM.attributes
                0x00000000000000ba       0x34 ./Core/Src/stm32f4xx_it.o
 .ARM.attributes
                0x00000000000000ee       0x34 ./Core/Src/sysmem.o
 .ARM.attributes
                0x0000000000000122       0x34 ./Core/Src/system_stm32f4xx.o
 .ARM.attributes
                0x0000000000000156       0x21 ./Core/Startup/startup_stm32f407vgtx.o
 .ARM.attributes
                0x0000000000000177       0x34 ./Drivers/STM32F4xx_HAL_Driver/Src/stm32f4xx_hal.o
 .ARM.attributes
                0x00000000000001ab       0x34 ./Drivers/STM32F4xx_HAL_Driver/Src/stm32f4xx_hal_cortex.o
 .ARM.attributes
                0x00000000000001df       0x34 ./Drivers/STM32F4xx_HAL_Driver/Src/stm32f4xx_hal_dma.o
 .ARM.attributes
                0x0000000000000213       0x34 ./Drivers/STM32F4xx_HAL_Driver/Src/stm32f4xx_hal_gpio.o
 .ARM.attributes
                0x0000000000000247       0x34 ./Drivers/STM32F4xx_HAL_Driver/Src/stm32f4xx_hal_rcc.o
 .ARM.attributes
                0x000000000000027b       0x34 ./Drivers/STM32F4xx_HAL_Driver/Src/stm32f4xx_hal_tim.o
 .ARM.attributes
                0x00000000000002af       0x34 ./Drivers/STM32F4xx_HAL_Driver/Src/stm32f4xx_hal_tim_ex.o
 .ARM.attributes
                0x00000000000002e3       0x34 ./Drivers/STM32F4xx_HAL_Driver/Src/stm32f4xx_hal_uart.o
 .ARM.attributes
                0x0000000000000317       0x34 ./Mylib/Src_lib/PID.o
 .ARM.attributes
                0x000000000000034b       0x34 ./Mylib/Src_lib/PWM.o
 .ARM.attributes
                0x000000000000037f       0x34 ./Mylib/Src_lib/crc16.o
 .ARM.attributes
                0x00000000000003b3       0x34 ./Mylib/Src_lib/encoder.o
 .ARM.attributes
                0x00000000000003e7       0x34 ./Mylib/Src_lib/uart_proto.o
 .ARM.attributes
                0x000000000000041b       0x34 c:/st/stm32cubeide_1.12.1/stm32cubeide/plugins/com.st.stm32cube.ide.mcu.externaltools.gnu-tools-for-stm32.10.3-2021.10.win32_1.0.200.202301161003/tools/bin/../lib/gcc/arm-none-eabi/10.3.1/../../../../arm-none-eabi/lib/thumb/v7e-m+fp/hard\libc_nano.a(lib_a-errno.o)
 .ARM.attributes
                0x000000000000044f       0x34 c:/st/stm32cubeide_1.12.1/stm32cubeide/plugins/com.st.stm32cube.ide.mcu.externaltools.gnu-tools-for-stm32.10.3-2021.10.win32_1.0.200.202301161003/tools/bin/../lib/gcc/arm-none-eabi/10.3.1/../../../../arm-none-eabi/lib/thumb/v7e-m+fp/hard\libc_nano.a(lib_a-impure.o)
 .ARM.attributes
                0x0000000000000483       0x34 c:/st/stm32cubeide_1.12.1/stm32cubeide/plugins/com.st.stm32cube.ide.mcu.externaltools.gnu-tools-for-stm32.10.3-2021.10.win32_1.0.200.202301161003/tools/bin/../lib/gcc/arm-none-eabi/10.3.1/../../../../arm-none-eabi/lib/thumb/v7e-m+fp/hard\libc_nano.a(lib_a-init.o)
 .ARM.attributes
                0x00000000000004b7       0x34 c:/st/stm32cubeide_1.12.1/stm32cubeide/plugins/com.st.stm32cube.ide.mcu.externaltools.gnu-tools-for-stm32.10.3-2021.10.win32_1.0.200.202301161003/tools/bin/../lib/gcc/arm-none-eabi/10.3.1/../../../../arm-none-eabi/lib/thumb/v7e-m+fp/hard\libc_nano.a(lib_a-malloc.o)
 .ARM.attributes
                0x00000000000004eb       0x34 c:/st/stm32cubeide_1.12.1/stm32cubeide/plugins/com.st.stm32cube.ide.mcu.externaltools.gnu-tools-for-stm32.10.3-2021.10.win32_1.0.200.202301161003/tools/bin/../lib/gcc/arm-none-eabi/10.3.1/../../../../arm-none-eabi/lib/thumb/v7e-m+fp/hard\libc_nano.a(lib_a-memcpy-stub.o)
 .ARM.attributes
                0x000000000000051f       0x34 c:/st/stm32cubeide_1.12.1/stm32cubeide/plugins/com.st.stm32cube.ide.mcu.externaltools.gnu-tools-for-stm32.10.3-2021.10.win32_1.0.200.202301161003/tools/bin/../lib/gcc/arm-none-eabi/10.3.1/../../../../arm-none-eabi/lib/thumb/v7e-m+fp/hard\libc_nano.a(lib_a-memset.o)
 .ARM.attributes
                0x0000000000000553       0x34 c:/st/stm32cubeide_1.12.1/stm32cubeide/plugins/com.st.stm32cube.ide.mcu.externaltools.gnu-tools-for-stm32.10.3-2021.10.win32_1.0.200.202301161003/tools/bin/../lib/gcc/arm-none-eabi/10.3.1/../../../../arm-none-eabi/lib/thumb/v7e-m+fp/hard\libc_nano.a(lib_a-nano-freer.o)
 .ARM.attributes
                0x0000000000000587       0x34 c:/st/stm32cubeide_1.12.1/stm32cubeide/plugins/com.st.stm32cube.ide.mcu.externaltools.gnu-tools-for-stm32.10.3-2021.10.win32_1.0.200.202301161003/tools/bin/../lib/gcc/arm-none-eabi/10.3.1/../../../../arm-none-eabi/lib/thumb/v7e-m+fp/hard\libc_nano.a(lib_a-nano-mallocr.o)
 .ARM.attributes
                0x00000000000005bb       0x34 c:/st/stm32cubeide_1.12.1/stm32cubeide/plugins/com.st.stm32cube.ide.mcu.externaltools.gnu-tools-for-stm32.10.3-2021.10.win32_1.0.200.202301161003/tools/bin/../lib/gcc/arm-none-eabi/10.3.1/../../../../arm-none-eabi/lib/thumb/v7e-m+fp/hard\libc_nano.a(lib_a-sbrkr.o)
 .ARM.attributes
                0x00000000000005ef       0x34 c:/st/stm32cubeide_1.12.1/stm32cubeide/plugins/com.st.stm32cube.ide.mcu.externaltools.gnu-tools-for-stm32.10.3-2021.10.win32_1.0.200.202301161003/tools/bin/../lib/gcc/arm-none-eabi/10.3.1/../../../../arm-none-eabi/lib/thumb/v7e-m+fp/hard\libc_nano.a(lib_a-mlock.o)
 .ARM.attributes
                0x0000000000000623       0x34 c:/st/stm32cubeide_1.12.1/stm32cubeide/plugins/com.st.stm32cube.ide.mcu.externaltools.gnu-tools-for-stm32.10.3-2021.10.win32_1.0.200.202301161003/tools/bin/../lib/gcc/arm-none-eabi/10.3.1/../../../../arm-none-eabi/lib/thumb/v7e-m+fp/hard\libc_nano.a(lib_a-reent.o)
 .ARM.attributes
                0x0000000000000657       0x34 c:/st/stm32cubeide_1.12.1/stm32cubeide/plugins/com.st.stm32cube.ide.mcu.externaltools.gnu-tools-for-stm32.10.3-2021.10.win32_1.0.200.202301161003/tools/bin/../lib/gcc/arm-none-eabi/10.3.1/../../../../arm-none-eabi/lib/thumb/v7e-m+fp/hard\libc_nano.a(lib_a-lock.o)
 .ARM.attributes
                0x000000000000068b       0x1e c:/st/stm32cubeide_1.12.1/stm32cubeide/plugins/com.st.stm32cube.ide.mcu.externaltools.gnu-tools-for-stm32.10.3-2021.10.win32_1.0.200.202301161003/tools/bin/../lib/gcc/arm-none-eabi/10.3.1/thumb/v7e-m+fp/hard\libgcc.a(_arm_addsubdf3.o)
 .ARM.attributes
                0x00000000000006a9       0x1e c:/st/stm32cubeide_1.12.1/stm32cubeide/plugins/com.st.stm32cube.ide.mcu.externaltools.gnu-tools-for-stm32.10.3-2021.10.win32_1.0.200.202301161003/tools/bin/../lib/gcc/arm-none-eabi/10.3.1/thumb/v7e-m+fp/hard\libgcc.a(_arm_muldivdf3.o)
 .ARM.attributes
                0x00000000000006c7       0x1e c:/st/stm32cubeide_1.12.1/stm32cubeide/plugins/com.st.stm32cube.ide.mcu.externaltools.gnu-tools-for-stm32.10.3-2021.10.win32_1.0.200.202301161003/tools/bin/../lib/gcc/arm-none-eabi/10.3.1/thumb/v7e-m+fp/hard\libgcc.a(_arm_truncdfsf2.o)
 .ARM.attributes
                0x00000000000006e5       0x1e c:/st/stm32cubeide_1.12.1/stm32cubeide/plugins/com.st.stm32cube.ide.mcu.externaltools.gnu-tools-for-stm32.10.3-2021.10.win32_1.0.200.202301161003/tools/bin/../lib/gcc/arm-none-eabi/10.3.1/thumb/v7e-m+fp/hard\libgcc.a(_aeabi_uldivmod.o)
 .ARM.attributes
                0x0000000000000703       0x34 c:/st/stm32cubeide_1.12.1/stm32cubeide/plugins/com.st.stm32cube.ide.mcu.externaltools.gnu-tools-for-stm32.10.3-2021.10.win32_1.0.200.202301161003/tools/bin/../lib/gcc/arm-none-eabi/10.3.1/thumb/v7e-m+fp/hard\libgcc.a(_udivmoddi4.o)
 .ARM.attributes
                0x0000000000000737       0x1e c:/st/stm32cubeide_1.12.1/stm32cubeide/plugins/com.st.stm32cube.ide.mcu.externaltools.gnu-tools-for-stm32.10.3-2021.10.win32_1.0.200.202301161003/tools/bin/../lib/gcc/arm-none-eabi/10.3.1/thumb/v7e-m+fp/hard\libgcc.a(_dvmd_tls.o)
 .ARM.attributes
                0x0000000000000755       0x1e c:/st/stm32cubeide_1.12.1/stm32cubeide/plugins/com.st.stm32cube.ide.mcu.externaltools.gnu-tools-for-stm32.10.3-2021.10.win32_1.0.200.202301161003/tools/bin/../lib/gcc/arm-none-eabi/10.3.1/thumb/v7e-m+fp/hard/crtn.o
OUTPUT(Embed_System_BTL.elf elf32-littlearm)
LOAD linker stubs
LOAD c:/st/stm32cubeide_1.12.1/stm32cubeide/plugins/com.st.stm32cube.ide.mcu.externaltools.gnu-tools-for-stm32.10.3-2021.10.win32_1.0.200.202301161003/tools/bin/../lib/gcc/arm-none-eabi/10.3.1/../../../../arm-none-eabi/lib/thumb/v7e-m+fp/hard\libc.a
LOAD c:/st/stm32cubeide_1.12.1/stm32cubeide/plugins/com.st.stm32cube.ide.mcu.externaltools.gnu-tools-for-stm32.10.3-2021.10.win32_1.0.200.202301161003/tools/bin/../lib/gcc/arm-none-eabi/10.3.1/../../../../arm-none-eabi/lib/thumb/v7e-m+fp/hard\libm.a
LOAD c:/st/stm32cubeide_1.12.1/stm32cubeide/plugins/com.st.stm32cube.ide.mcu.externaltools.gnu-tools-for-stm32.10.3-2021.10.win32_1.0.200.202301161003/tools/bin/../lib/gcc/arm-none-eabi/10.3.1/thumb/v7e-m+fp/hard\libgcc.a

.debug_info     0x0000000000000000     0xfb89
 .debug_info    0x0000000000000000     0x1ec9 ./Core/Src/main.o
 .debug_info    0x0000000000001ec9     0x115a ./Core/Src/stm32f4xx_hal_msp.o
 .debug_info    0x0000000000003023      0xa38 ./Core/Src/stm32f4xx_it.o
 .debug_info    0x0000000000003a5b      0x171 ./Core/Src/sysmem.o
 .debug_info    0x0000000000003bcc      0x523 ./Core/Src/system_stm32f4xx.o
 .debug_info    0x00000000000040ef       0x22 ./Core/Startup/startup_stm32f407vgtx.o
 .debug_info    0x0000000000004111      0x97c ./Drivers/STM32F4xx_HAL_Driver/Src/stm32f4xx_hal.o
 .debug_info    0x0000000000004a8d      0xe1b ./Drivers/STM32F4xx_HAL_Driver/Src/stm32f4xx_hal_cortex.o
 .debug_info    0x00000000000058a8      0x94f ./Drivers/STM32F4xx_HAL_Driver/Src/stm32f4xx_hal_dma.o
 .debug_info    0x00000000000061f7      0x76a ./Drivers/STM32F4xx_HAL_Driver/Src/stm32f4xx_hal_gpio.o
 .debug_info    0x0000000000006961      0x966 ./Drivers/STM32F4xx_HAL_Driver/Src/stm32f4xx_hal_rcc.o
 .debug_info    0x00000000000072c7     0x2bbe ./Drivers/STM32F4xx_HAL_Driver/Src/stm32f4xx_hal_tim.o
 .debug_info    0x0000000000009e85     0x15e0 ./Drivers/STM32F4xx_HAL_Driver/Src/stm32f4xx_hal_tim_ex.o
 .debug_info    0x000000000000b465     0x31bc ./Drivers/STM32F4xx_HAL_Driver/Src/stm32f4xx_hal_uart.o
 .debug_info    0x000000000000e621      0x27a ./Mylib/Src_lib/PID.o
 .debug_info    0x000000000000e89b      0x7e0 ./Mylib/Src_lib/PWM.o
 .debug_info    0x000000000000f07b      0x167 ./Mylib/Src_lib/crc16.o
 .debug_info    0x000000000000f1e2      0x73a ./Mylib/Src_lib/encoder.o
 .debug_info    0x000000000000f91c      0x26d ./Mylib/Src_lib/uart_proto.o

.debug_abbrev   0x0000000000000000     0x21f7
 .debug_abbrev  0x0000000000000000      0x321 ./Core/Src/main.o
 .debug_abbrev  0x0000000000000321      0x263 ./Core/Src/stm32f4xx_hal_msp.o
 .debug_abbrev  0x0000000000000584      0x19e ./Core/Src/stm32f4xx_it.o
 .debug_abbrev  0x0000000000000722       0xbb ./Core/Src/sysmem.o
 .debug_abbrev  0x00000000000007dd      0x116 ./Core/Src/system_stm32f4xx.o
 .debug_abbrev  0x00000000000008f3       0x12 ./Core/Startup/startup_stm32f407vgtx.o
 .debug_abbrev  0x0000000000000905      0x20d ./Drivers/STM32F4xx_HAL_Driver/Src/stm32f4xx_hal.o
 .debug_abbrev  0x0000000000000b12      0x316 ./Drivers/STM32F4xx_HAL_Driver/Src/stm32f4xx_hal_cortex.o
 .debug_abbrev  0x0000000000000e28      0x25b ./Drivers/STM32F4xx_HAL_Driver/Src/stm32f4xx_hal_dma.o
 .debug_abbrev  0x0000000000001083      0x1c4 ./Drivers/STM32F4xx_HAL_Driver/Src/stm32f4xx_hal_gpio.o
 .debug_abbrev  0x0000000000001247      0x2aa ./Drivers/STM32F4xx_HAL_Driver/Src/stm32f4xx_hal_rcc.o
 .debug_abbrev  0x00000000000014f1      0x25d ./Drivers/STM32F4xx_HAL_Driver/Src/stm32f4xx_hal_tim.o
 .debug_abbrev  0x000000000000174e      0x265 ./Drivers/STM32F4xx_HAL_Driver/Src/stm32f4xx_hal_tim_ex.o
 .debug_abbrev  0x00000000000019b3      0x2f4 ./Drivers/STM32F4xx_HAL_Driver/Src/stm32f4xx_hal_uart.o
 .debug_abbrev  0x0000000000001ca7       0xd0 ./Mylib/Src_lib/PID.o
 .debug_abbrev  0x0000000000001d77      0x184 ./Mylib/Src_lib/PWM.o
 .debug_abbrev  0x0000000000001efb       0xc0 ./Mylib/Src_lib/crc16.o
 .debug_abbrev  0x0000000000001fbb      0x140 ./Mylib/Src_lib/encoder.o
 .debug_abbrev  0x00000000000020fb       0xfc ./Mylib/Src_lib/uart_proto.o

.debug_aranges  0x0000000000000000      0xd58
 .debug_aranges
                0x0000000000000000       0x90 ./Core/Src/main.o
 .debug_aranges
                0x0000000000000090       0x68 ./Core/Src/stm32f4xx_hal_msp.o
 .debug_aranges
                0x00000000000000f8       0x80 ./Core/Src/stm32f4xx_it.o
 .debug_aranges
                0x0000000000000178       0x20 ./Core/Src/sysmem.o
 .debug_aranges
                0x0000000000000198       0x28 ./Core/Src/system_stm32f4xx.o
 .debug_aranges
                0x00000000000001c0       0x28 ./Core/Startup/startup_stm32f407vgtx.o
 .debug_aranges
                0x00000000000001e8       0xf0 ./Drivers/STM32F4xx_HAL_Driver/Src/stm32f4xx_hal.o
 .debug_aranges
                0x00000000000002d8      0x118 ./Drivers/STM32F4xx_HAL_Driver/Src/stm32f4xx_hal_cortex.o
 .debug_aranges
                0x00000000000003f0       0x90 ./Drivers/STM32F4xx_HAL_Driver/Src/stm32f4xx_hal_dma.o
 .debug_aranges
                0x0000000000000480       0x58 ./Drivers/STM32F4xx_HAL_Driver/Src/stm32f4xx_hal_gpio.o
 .debug_aranges
                0x00000000000004d8       0x88 ./Drivers/STM32F4xx_HAL_Driver/Src/stm32f4xx_hal_rcc.o
 .debug_aranges
                0x0000000000000560      0x3d0 ./Drivers/STM32F4xx_HAL_Driver/Src/stm32f4xx_hal_tim.o
 .debug_aranges
                0x0000000000000930      0x168 ./Drivers/STM32F4xx_HAL_Driver/Src/stm32f4xx_hal_tim_ex.o
 .debug_aranges
                0x0000000000000a98      0x200 ./Drivers/STM32F4xx_HAL_Driver/Src/stm32f4xx_hal_uart.o
 .debug_aranges
                0x0000000000000c98       0x28 ./Mylib/Src_lib/PID.o
 .debug_aranges
                0x0000000000000cc0       0x28 ./Mylib/Src_lib/PWM.o
 .debug_aranges
                0x0000000000000ce8       0x28 ./Mylib/Src_lib/crc16.o
 .debug_aranges
                0x0000000000000d10       0x20 ./Mylib/Src_lib/encoder.o
 .debug_aranges
                0x0000000000000d30       0x28 ./Mylib/Src_lib/uart_proto.o

.debug_ranges   0x0000000000000000      0xc78
 .debug_ranges  0x0000000000000000       0x98 ./Core/Src/main.o
 .debug_ranges  0x0000000000000098       0x58 ./Core/Src/stm32f4xx_hal_msp.o
 .debug_ranges  0x00000000000000f0       0x70 ./Core/Src/stm32f4xx_it.o
 .debug_ranges  0x0000000000000160       0x10 ./Core/Src/sysmem.o
 .debug_ranges  0x0000000000000170       0x18 ./Core/Src/system_stm32f4xx.o
 .debug_ranges  0x0000000000000188       0x20 ./Core/Startup/startup_stm32f407vgtx.o
 .debug_ranges  0x00000000000001a8       0xe0 ./Drivers/STM32F4xx_HAL_Driver/Src/stm32f4xx_hal.o
 .debug_ranges  0x0000000000000288      0x108 ./Drivers/STM32F4xx_HAL_Driver/Src/stm32f4xx_hal_cortex.o
 .debug_ranges  0x0000000000000390       0x80 ./Drivers/STM32F4xx_HAL_Driver/Src/stm32f4xx_hal_dma.o
 .debug_ranges  0x0000000000000410       0x48 ./Drivers/STM32F4xx_HAL_Driver/Src/stm32f4xx_hal_gpio.o
 .debug_ranges  0x0000000000000458       0x78 ./Drivers/STM32F4xx_HAL_Driver/Src/stm32f4xx_hal_rcc.o
 .debug_ranges  0x00000000000004d0      0x3c0 ./Drivers/STM32F4xx_HAL_Driver/Src/stm32f4xx_hal_tim.o
 .debug_ranges  0x0000000000000890      0x158 ./Drivers/STM32F4xx_HAL_Driver/Src/stm32f4xx_hal_tim_ex.o
 .debug_ranges  0x00000000000009e8      0x220 ./Drivers/STM32F4xx_HAL_Driver/Src/stm32f4xx_hal_uart.o
 .debug_ranges  0x0000000000000c08       0x18 ./Mylib/Src_lib/PID.o
 .debug_ranges  0x0000000000000c20       0x18 ./Mylib/Src_lib/PWM.o
 .debug_ranges  0x0000000000000c38       0x18 ./Mylib/Src_lib/crc16.o
 .debug_ranges  0x0000000000000c50       0x10 ./Mylib/Src_lib/encoder.o
 .debug_ranges  0x0000000000000c60       0x18 ./Mylib/Src_lib/uart_proto.o

.debug_macro    0x0000000000000000    0x219bb
 .debug_macro   0x0000000000000000      0x3dc ./Core/Src/main.o
 .debug_macro   0x00000000000003dc      0xa78 ./Core/Src/main.o
 .debug_macro   0x0000000000000e54      0x29b ./Core/Src/main.o
 .debug_macro   0x00000000000010ef       0x2e ./Core/Src/main.o
 .debug_macro   0x000000000000111d       0x2f ./Core/Src/main.o
 .debug_macro   0x000000000000114c       0x22 ./Core/Src/main.o
 .debug_macro   0x000000000000116e       0x8e ./Core/Src/main.o
 .debug_macro   0x00000000000011fc       0x51 ./Core/Src/main.o
 .debug_macro   0x000000000000124d      0x103 ./Core/Src/main.o
 .debug_macro   0x0000000000001350       0x6a ./Core/Src/main.o
 .debug_macro   0x00000000000013ba      0x1df ./Core/Src/main.o
 .debug_macro   0x0000000000001599       0x1c ./Core/Src/main.o
 .debug_macro   0x00000000000015b5       0x22 ./Core/Src/main.o
 .debug_macro   0x00000000000015d7       0xd9 ./Core/Src/main.o
 .debug_macro   0x00000000000016b0     0x102d ./Core/Src/main.o
 .debug_macro   0x00000000000026dd      0x11f ./Core/Src/main.o
 .debug_macro   0x00000000000027fc    0x15e82 ./Core/Src/main.o
 .debug_macro   0x000000000001867e       0x6d ./Core/Src/main.o
 .debug_macro   0x00000000000186eb     0x367e ./Core/Src/main.o
 .debug_macro   0x000000000001bd69      0x174 ./Core/Src/main.o
 .debug_macro   0x000000000001bedd       0x5c ./Core/Src/main.o
 .debug_macro   0x000000000001bf39      0x96b ./Core/Src/main.o
 .debug_macro   0x000000000001c8a4      0x9fe ./Core/Src/main.o
 .debug_macro   0x000000000001d2a2      0x115 ./Core/Src/main.o
 .debug_macro   0x000000000001d3b7      0x13e ./Core/Src/main.o
 .debug_macro   0x000000000001d4f5       0xa5 ./Core/Src/main.o
 .debug_macro   0x000000000001d59a      0x174 ./Core/Src/main.o
 .debug_macro   0x000000000001d70e      0x287 ./Core/Src/main.o
 .debug_macro   0x000000000001d995       0x5f ./Core/Src/main.o
 .debug_macro   0x000000000001d9f4      0x236 ./Core/Src/main.o
 .debug_macro   0x000000000001dc2a      0x12c ./Core/Src/main.o
 .debug_macro   0x000000000001dd56      0x21e ./Core/Src/main.o
 .debug_macro   0x000000000001df74       0x2e ./Core/Src/main.o
 .debug_macro   0x000000000001dfa2      0x11a ./Core/Src/main.o
 .debug_macro   0x000000000001e0bc       0x7e ./Core/Src/main.o
 .debug_macro   0x000000000001e13a       0x89 ./Core/Src/main.o
 .debug_macro   0x000000000001e1c3      0x8e6 ./Core/Src/main.o
 .debug_macro   0x000000000001eaa9       0x47 ./Core/Src/main.o
 .debug_macro   0x000000000001eaf0      0x295 ./Core/Src/main.o
 .debug_macro   0x000000000001ed85      0x12d ./Core/Src/main.o
 .debug_macro   0x000000000001eeb2       0x34 ./Core/Src/main.o
 .debug_macro   0x000000000001eee6       0x58 ./Core/Src/main.o
 .debug_macro   0x000000000001ef3e       0x22 ./Core/Src/main.o
 .debug_macro   0x000000000001ef60       0x1e ./Core/Src/main.o
 .debug_macro   0x000000000001ef7e       0x52 ./Core/Src/main.o
 .debug_macro   0x000000000001efd0       0x3c ./Core/Src/main.o
 .debug_macro   0x000000000001f00c       0x34 ./Core/Src/main.o
 .debug_macro   0x000000000001f040       0x16 ./Core/Src/main.o
 .debug_macro   0x000000000001f056       0x35 ./Core/Src/main.o
 .debug_macro   0x000000000001f08b       0x16 ./Core/Src/main.o
 .debug_macro   0x000000000001f0a1       0x43 ./Core/Src/main.o
 .debug_macro   0x000000000001f0e4       0x34 ./Core/Src/main.o
 .debug_macro   0x000000000001f118       0x10 ./Core/Src/main.o
 .debug_macro   0x000000000001f128       0x58 ./Core/Src/main.o
 .debug_macro   0x000000000001f180       0x71 ./Core/Src/main.o
 .debug_macro   0x000000000001f1f1       0x1c ./Core/Src/main.o
 .debug_macro   0x000000000001f20d      0x12a ./Core/Src/main.o
 .debug_macro   0x000000000001f337      0x341 ./Core/Src/main.o
 .debug_macro   0x000000000001f678       0x16 ./Core/Src/main.o
 .debug_macro   0x000000000001f68e       0x29 ./Core/Src/main.o
 .debug_macro   0x000000000001f6b7       0x1c ./Core/Src/main.o
 .debug_macro   0x000000000001f6d3       0x10 ./Core/Src/main.o
 .debug_macro   0x000000000001f6e3       0x10 ./Core/Src/main.o
 .debug_macro   0x000000000001f6f3       0x1c ./Core/Src/main.o
 .debug_macro   0x000000000001f70f       0x52 ./Core/Src/main.o
 .debug_macro   0x000000000001f761       0x22 ./Core/Src/main.o
 .debug_macro   0x000000000001f783       0x10 ./Core/Src/main.o
 .debug_macro   0x000000000001f793       0x52 ./Core/Src/main.o
 .debug_macro   0x000000000001f7e5       0xd5 ./Core/Src/main.o
 .debug_macro   0x000000000001f8ba       0x1c ./Core/Src/main.o
 .debug_macro   0x000000000001f8d6       0x3d ./Core/Src/main.o
 .debug_macro   0x000000000001f913       0x16 ./Core/Src/main.o
 .debug_macro   0x000000000001f929      0x145 ./Core/Src/main.o
 .debug_macro   0x000000000001fa6e       0x16 ./Core/Src/main.o
 .debug_macro   0x000000000001fa84       0x20 ./Core/Src/main.o
 .debug_macro   0x000000000001faa4      0x1f0 ./Core/Src/stm32f4xx_hal_msp.o
 .debug_macro   0x000000000001fc94      0x1fa ./Core/Src/stm32f4xx_it.o
 .debug_macro   0x000000000001fe8e       0xff ./Core/Src/sysmem.o
 .debug_macro   0x000000000001ff8d      0x23b ./Core/Src/sysmem.o
 .debug_macro   0x00000000000201c8      0x1ce ./Core/Src/system_stm32f4xx.o
 .debug_macro   0x0000000000020396      0x22e ./Drivers/STM32F4xx_HAL_Driver/Src/stm32f4xx_hal.o
 .debug_macro   0x00000000000205c4      0x1ce ./Drivers/STM32F4xx_HAL_Driver/Src/stm32f4xx_hal_cortex.o
 .debug_macro   0x0000000000020792      0x1d4 ./Drivers/STM32F4xx_HAL_Driver/Src/stm32f4xx_hal_dma.o
 .debug_macro   0x0000000000020966      0x1d4 ./Drivers/STM32F4xx_HAL_Driver/Src/stm32f4xx_hal_gpio.o
 .debug_macro   0x0000000000020b3a      0x1f2 ./Drivers/STM32F4xx_HAL_Driver/Src/stm32f4xx_hal_rcc.o
 .debug_macro   0x0000000000020d2c      0x1cf ./Drivers/STM32F4xx_HAL_Driver/Src/stm32f4xx_hal_tim.o
 .debug_macro   0x0000000000020efb      0x1ce ./Drivers/STM32F4xx_HAL_Driver/Src/stm32f4xx_hal_tim_ex.o
 .debug_macro   0x00000000000210c9      0x1cf ./Drivers/STM32F4xx_HAL_Driver/Src/stm32f4xx_hal_uart.o
 .debug_macro   0x0000000000021298      0x204 ./Mylib/Src_lib/PID.o
 .debug_macro   0x000000000002149c      0x20e ./Mylib/Src_lib/PWM.o
 .debug_macro   0x00000000000216aa       0x6d ./Mylib/Src_lib/crc16.o
 .debug_macro   0x0000000000021717      0x1fa ./Mylib/Src_lib/encoder.o
 .debug_macro   0x0000000000021911       0x7c ./Mylib/Src_lib/uart_proto.o
 .debug_macro   0x000000000002198d       0x2e ./Mylib/Src_lib/uart_proto.o

.debug_line     0x0000000000000000    0x1047b
 .debug_line    0x0000000000000000      0xe8f ./Core/Src/main.o
 .debug_line    0x0000000000000e8f      0x8a3 ./Core/Src/stm32f4xx_hal_msp.o
 .debug_line    0x0000000000001732      0x82f ./Core/Src/stm32f4xx_it.o
 .debug_line    0x0000000000001f61      0x4f4 ./Core/Src/sysmem.o
 .debug_line    0x0000000000002455      0x745 ./Core/Src/system_stm32f4xx.o
 .debug_line    0x0000000000002b9a       0x88 ./Core/Startup/startup_stm32f407vgtx.o
 .debug_line    0x0000000000002c22      0x9ab ./Drivers/STM32F4xx_HAL_Driver/Src/stm32f4xx_hal.o
 .debug_line    0x00000000000035cd      0xc5a ./Drivers/STM32F4xx_HAL_Driver/Src/stm32f4xx_hal_cortex.o
 .debug_line    0x0000000000004227      0xf0f ./Drivers/STM32F4xx_HAL_Driver/Src/stm32f4xx_hal_dma.o
 .debug_line    0x0000000000005136      0xb1f ./Drivers/STM32F4xx_HAL_Driver/Src/stm32f4xx_hal_gpio.o
 .debug_line    0x0000000000005c55      0xd25 ./Drivers/STM32F4xx_HAL_Driver/Src/stm32f4xx_hal_rcc.o
 .debug_line    0x000000000000697a     0x369f ./Drivers/STM32F4xx_HAL_Driver/Src/stm32f4xx_hal_tim.o
 .debug_line    0x000000000000a019     0x19a8 ./Drivers/STM32F4xx_HAL_Driver/Src/stm32f4xx_hal_tim_ex.o
 .debug_line    0x000000000000b9c1     0x2a50 ./Drivers/STM32F4xx_HAL_Driver/Src/stm32f4xx_hal_uart.o
 .debug_line    0x000000000000e411      0x7ee ./Mylib/Src_lib/PID.o
 .debug_line    0x000000000000ebff      0x7b8 ./Mylib/Src_lib/PWM.o
 .debug_line    0x000000000000f3b7      0x44b ./Mylib/Src_lib/crc16.o
 .debug_line    0x000000000000f802      0x74d ./Mylib/Src_lib/encoder.o
 .debug_line    0x000000000000ff4f      0x52c ./Mylib/Src_lib/uart_proto.o

.debug_str      0x0000000000000000    0xcbae1
 .debug_str     0x0000000000000000    0xc8c08 ./Core/Src/main.o
                                      0xc8ff4 (size before relaxing)
 .debug_str     0x00000000000c8c08      0x138 ./Core/Src/stm32f4xx_hal_msp.o
                                      0xc47d7 (size before relaxing)
 .debug_str     0x00000000000c8d40      0x16a ./Core/Src/stm32f4xx_it.o
                                      0xc4118 (size before relaxing)
 .debug_str     0x00000000000c8eaa      0x4da ./Core/Src/sysmem.o
                                       0x5db2 (size before relaxing)
 .debug_str     0x00000000000c9384       0xdb ./Core/Src/system_stm32f4xx.o
                                      0xc3823 (size before relaxing)
 .debug_str     0x00000000000c945f       0x36 ./Core/Startup/startup_stm32f407vgtx.o
                                         0x5c (size before relaxing)
 .debug_str     0x00000000000c9495      0x617 ./Drivers/STM32F4xx_HAL_Driver/Src/stm32f4xx_hal.o
                                      0xc43a7 (size before relaxing)
 .debug_str     0x00000000000c9aac      0x30e ./Drivers/STM32F4xx_HAL_Driver/Src/stm32f4xx_hal_cortex.o
                                      0xc40da (size before relaxing)
 .debug_str     0x00000000000c9dba      0x2ee ./Drivers/STM32F4xx_HAL_Driver/Src/stm32f4xx_hal_dma.o
                                      0xc3c3d (size before relaxing)
 .debug_str     0x00000000000ca0a8      0x121 ./Drivers/STM32F4xx_HAL_Driver/Src/stm32f4xx_hal_gpio.o
                                      0xc399e (size before relaxing)
 .debug_str     0x00000000000ca1c9      0x233 ./Drivers/STM32F4xx_HAL_Driver/Src/stm32f4xx_hal_rcc.o
                                      0xc3c57 (size before relaxing)
 .debug_str     0x00000000000ca3fc      0xbf8 ./Drivers/STM32F4xx_HAL_Driver/Src/stm32f4xx_hal_tim.o
                                      0xc4b9d (size before relaxing)
 .debug_str     0x00000000000caff4      0x3e1 ./Drivers/STM32F4xx_HAL_Driver/Src/stm32f4xx_hal_tim_ex.o
                                      0xc43b9 (size before relaxing)
 .debug_str     0x00000000000cb3d5      0x5a7 ./Drivers/STM32F4xx_HAL_Driver/Src/stm32f4xx_hal_uart.o
                                      0xc41f6 (size before relaxing)
 .debug_str     0x00000000000cb97c       0x45 ./Mylib/Src_lib/PID.o
                                      0xc3a02 (size before relaxing)
 .debug_str     0x00000000000cb9c1       0x1c ./Mylib/Src_lib/PWM.o
                                      0xc3e7d (size before relaxing)
 .debug_str     0x00000000000cb9dd       0x46 ./Mylib/Src_lib/crc16.o
                                       0x3c5c (size before relaxing)
 .debug_str     0x00000000000cba23       0x1b ./Mylib/Src_lib/encoder.o
                                      0xc3e64 (size before relaxing)
 .debug_str     0x00000000000cba3e       0xa3 ./Mylib/Src_lib/uart_proto.o
                                       0x3df9 (size before relaxing)

.comment        0x0000000000000000       0x50
 .comment       0x0000000000000000       0x50 ./Core/Src/main.o
                                         0x51 (size before relaxing)
 .comment       0x0000000000000050       0x51 ./Core/Src/stm32f4xx_hal_msp.o
 .comment       0x0000000000000050       0x51 ./Core/Src/stm32f4xx_it.o
 .comment       0x0000000000000050       0x51 ./Core/Src/sysmem.o
 .comment       0x0000000000000050       0x51 ./Core/Src/system_stm32f4xx.o
 .comment       0x0000000000000050       0x51 ./Drivers/STM32F4xx_HAL_Driver/Src/stm32f4xx_hal.o
 .comment       0x0000000000000050       0x51 ./Drivers/STM32F4xx_HAL_Driver/Src/stm32f4xx_hal_cortex.o
 .comment       0x0000000000000050       0x51 ./Drivers/STM32F4xx_HAL_Driver/Src/stm32f4xx_hal_dma.o
 .comment       0x0000000000000050       0x51 ./Drivers/STM32F4xx_HAL_Driver/Src/stm32f4xx_hal_gpio.o
 .comment       0x0000000000000050       0x51 ./Drivers/STM32F4xx_HAL_Driver/Src/stm32f4xx_hal_rcc.o
 .comment       0x0000000000000050       0x51 ./Drivers/STM32F4xx_HAL_Driver/Src/stm32f4xx_hal_tim.o
 .comment       0x0000000000000050       0x51 ./Drivers/STM32F4xx_HAL_Driver/Src/stm32f4xx_hal_tim_ex.o
 .comment       0x0000000000000050       0x51 ./Drivers/STM32F4xx_HAL_Driver/Src/stm32f4xx_hal_uart.o
 .comment       0x0000000000000050       0x51 ./Mylib/Src_lib/PID.o
 .comment       0x0000000000000050       0x51 ./Mylib/Src_lib/PWM.o
 .comment       0x0000000000000050       0x51 ./Mylib/Src_lib/crc16.o
 .comment       0x0000000000000050       0x51 ./Mylib/Src_lib/encoder.o
 .comment       0x0000000000000050       0x51 ./Mylib/Src_lib/uart_proto.o

.debug_frame    0x0000000000000000     0x3a2c
 .debug_frame   0x0000000000000000      0x210 ./Core/Src/main.o
 .debug_frame   0x0000000000000210      0x184 ./Core/Src/stm32f4xx_hal_msp.o
 .debug_frame   0x0000000000000394      0x178 ./Core/Src/stm32f4xx_it.o
 .debug_frame   0x000000000000050c       0x34 ./Core/Src/sysmem.o
 .debug_frame   0x0000000000000540       0x58 ./Core/Src/system_stm32f4xx.o
 .debug_frame   0x0000000000000598      0x374 ./Drivers/STM32F4xx_HAL_Driver/Src/stm32f4xx_hal.o
 .debug_frame   0x000000000000090c      0x498 ./Drivers/STM32F4xx_HAL_Driver/Src/stm32f4xx_hal_cortex.o
 .debug_frame   0x0000000000000da4      0x250 ./Drivers/STM32F4xx_HAL_Driver/Src/stm32f4xx_hal_dma.o
 .debug_frame   0x0000000000000ff4      0x14c ./Drivers/STM32F4xx_HAL_Driver/Src/stm32f4xx_hal_gpio.o
 .debug_frame   0x0000000000001140      0x1f4 ./Drivers/STM32F4xx_HAL_Driver/Src/stm32f4xx_hal_rcc.o
 .debug_frame   0x0000000000001334     0x11c4 ./Drivers/STM32F4xx_HAL_Driver/Src/stm32f4xx_hal_tim.o
 .debug_frame   0x00000000000024f8      0x638 ./Drivers/STM32F4xx_HAL_Driver/Src/stm32f4xx_hal_tim_ex.o
 .debug_frame   0x0000000000002b30      0x92c ./Drivers/STM32F4xx_HAL_Driver/Src/stm32f4xx_hal_uart.o
 .debug_frame   0x000000000000345c       0x60 ./Mylib/Src_lib/PID.o
 .debug_frame   0x00000000000034bc       0x58 ./Mylib/Src_lib/PWM.o
 .debug_frame   0x0000000000003514       0x60 ./Mylib/Src_lib/crc16.o
 .debug_frame   0x0000000000003574       0x30 ./Mylib/Src_lib/encoder.o
 .debug_frame   0x00000000000035a4       0x58 ./Mylib/Src_lib/uart_proto.o
 .debug_frame   0x00000000000035fc       0x20 c:/st/stm32cubeide_1.12.1/stm32cubeide/plugins/com.st.stm32cube.ide.mcu.externaltools.gnu-tools-for-stm32.10.3-2021.10.win32_1.0.200.202301161003/tools/bin/../lib/gcc/arm-none-eabi/10.3.1/../../../../arm-none-eabi/lib/thumb/v7e-m+fp/hard\libc_nano.a(lib_a-errno.o)
 .debug_frame   0x000000000000361c       0x2c c:/st/stm32cubeide_1.12.1/stm32cubeide/plugins/com.st.stm32cube.ide.mcu.externaltools.gnu-tools-for-stm32.10.3-2021.10.win32_1.0.200.202301161003/tools/bin/../lib/gcc/arm-none-eabi/10.3.1/../../../../arm-none-eabi/lib/thumb/v7e-m+fp/hard\libc_nano.a(lib_a-init.o)
 .debug_frame   0x0000000000003648       0x30 c:/st/stm32cubeide_1.12.1/stm32cubeide/plugins/com.st.stm32cube.ide.mcu.externaltools.gnu-tools-for-stm32.10.3-2021.10.win32_1.0.200.202301161003/tools/bin/../lib/gcc/arm-none-eabi/10.3.1/../../../../arm-none-eabi/lib/thumb/v7e-m+fp/hard\libc_nano.a(lib_a-malloc.o)
 .debug_frame   0x0000000000003678       0x28 c:/st/stm32cubeide_1.12.1/stm32cubeide/plugins/com.st.stm32cube.ide.mcu.externaltools.gnu-tools-for-stm32.10.3-2021.10.win32_1.0.200.202301161003/tools/bin/../lib/gcc/arm-none-eabi/10.3.1/../../../../arm-none-eabi/lib/thumb/v7e-m+fp/hard\libc_nano.a(lib_a-memcpy-stub.o)
 .debug_frame   0x00000000000036a0       0x20 c:/st/stm32cubeide_1.12.1/stm32cubeide/plugins/com.st.stm32cube.ide.mcu.externaltools.gnu-tools-for-stm32.10.3-2021.10.win32_1.0.200.202301161003/tools/bin/../lib/gcc/arm-none-eabi/10.3.1/../../../../arm-none-eabi/lib/thumb/v7e-m+fp/hard\libc_nano.a(lib_a-memset.o)
 .debug_frame   0x00000000000036c0       0x38 c:/st/stm32cubeide_1.12.1/stm32cubeide/plugins/com.st.stm32cube.ide.mcu.externaltools.gnu-tools-for-stm32.10.3-2021.10.win32_1.0.200.202301161003/tools/bin/../lib/gcc/arm-none-eabi/10.3.1/../../../../arm-none-eabi/lib/thumb/v7e-m+fp/hard\libc_nano.a(lib_a-nano-freer.o)
 .debug_frame   0x00000000000036f8       0x4c c:/st/stm32cubeide_1.12.1/stm32cubeide/plugins/com.st.stm32cube.ide.mcu.externaltools.gnu-tools-for-stm32.10.3-2021.10.win32_1.0.200.202301161003/tools/bin/../lib/gcc/arm-none-eabi/10.3.1/../../../../arm-none-eabi/lib/thumb/v7e-m+fp/hard\libc_nano.a(lib_a-nano-mallocr.o)
 .debug_frame   0x0000000000003744       0x2c c:/st/stm32cubeide_1.12.1/stm32cubeide/plugins/com.st.stm32cube.ide.mcu.externaltools.gnu-tools-for-stm32.10.3-2021.10.win32_1.0.200.202301161003/tools/bin/../lib/gcc/arm-none-eabi/10.3.1/../../../../arm-none-eabi/lib/thumb/v7e-m+fp/hard\libc_nano.a(lib_a-sbrkr.o)
 .debug_frame   0x0000000000003770       0x30 c:/st/stm32cubeide_1.12.1/stm32cubeide/plugins/com.st.stm32cube.ide.mcu.externaltools.gnu-tools-for-stm32.10.3-2021.10.win32_1.0.200.202301161003/tools/bin/../lib/gcc/arm-none-eabi/10.3.1/../../../../arm-none-eabi/lib/thumb/v7e-m+fp/hard\libc_nano.a(lib_a-mlock.o)
 .debug_frame   0x00000000000037a0       0x5c c:/st/stm32cubeide_1.12.1/stm32cubeide/plugins/com.st.stm32cube.ide.mcu.externaltools.gnu-tools-for-stm32.10.3-2021.10.win32_1.0.200.202301161003/tools/bin/../lib/gcc/arm-none-eabi/10.3.1/../../../../arm-none-eabi/lib/thumb/v7e-m+fp/hard\libc_nano.a(lib_a-reent.o)
 .debug_frame   0x00000000000037fc       0xb0 c:/st/stm32cubeide_1.12.1/stm32cubeide/plugins/com.st.stm32cube.ide.mcu.externaltools.gnu-tools-for-stm32.10.3-2021.10.win32_1.0.200.202301161003/tools/bin/../lib/gcc/arm-none-eabi/10.3.1/../../../../arm-none-eabi/lib/thumb/v7e-m+fp/hard\libc_nano.a(lib_a-lock.o)
 .debug_frame   0x00000000000038ac       0xac c:/st/stm32cubeide_1.12.1/stm32cubeide/plugins/com.st.stm32cube.ide.mcu.externaltools.gnu-tools-for-stm32.10.3-2021.10.win32_1.0.200.202301161003/tools/bin/../lib/gcc/arm-none-eabi/10.3.1/thumb/v7e-m+fp/hard\libgcc.a(_arm_addsubdf3.o)
 .debug_frame   0x0000000000003958       0x50 c:/st/stm32cubeide_1.12.1/stm32cubeide/plugins/com.st.stm32cube.ide.mcu.externaltools.gnu-tools-for-stm32.10.3-2021.10.win32_1.0.200.202301161003/tools/bin/../lib/gcc/arm-none-eabi/10.3.1/thumb/v7e-m+fp/hard\libgcc.a(_arm_muldivdf3.o)
 .debug_frame   0x00000000000039a8       0x24 c:/st/stm32cubeide_1.12.1/stm32cubeide/plugins/com.st.stm32cube.ide.mcu.externaltools.gnu-tools-for-stm32.10.3-2021.10.win32_1.0.200.202301161003/tools/bin/../lib/gcc/arm-none-eabi/10.3.1/thumb/v7e-m+fp/hard\libgcc.a(_arm_truncdfsf2.o)